Archive member included to satisfy reference by file (symbol)

d:/quartus/nios2eds/bin/gnu/h-x86_64-mingw32/bin/../lib/gcc/nios2-elf/5.3.0/mno-hw-mul\libgcc.a(lib2-divmod.o)
                              obj/default/text_mode_vga_color.o (__modsi3)
d:/quartus/nios2eds/bin/gnu/h-x86_64-mingw32/bin/../lib/gcc/nios2-elf/5.3.0/mno-hw-mul\libgcc.a(lib2-mul.o)
                              obj/default/text_mode_vga_color.o (__mulsi3)
d:/quartus/nios2eds/bin/gnu/h-x86_64-mingw32/bin/../lib/gcc/nios2-elf/5.3.0/../../../../../H-x86_64-mingw32/nios2-elf/lib/mno-hw-mul\libc.a(lib_a-rand.o)
                              obj/default/palette_test.o (rand)
d:/quartus/nios2eds/bin/gnu/h-x86_64-mingw32/bin/../lib/gcc/nios2-elf/5.3.0/../../../../../H-x86_64-mingw32/nios2-elf/lib/mno-hw-mul\libc.a(lib_a-sprintf.o)
                              obj/default/text_mode_vga_color.o (sprintf)
d:/quartus/nios2eds/bin/gnu/h-x86_64-mingw32/bin/../lib/gcc/nios2-elf/5.3.0/../../../../../H-x86_64-mingw32/nios2-elf/lib/mno-hw-mul\libc.a(lib_a-strlen.o)
                              obj/default/text_mode_vga_color.o (strlen)
d:/quartus/nios2eds/bin/gnu/h-x86_64-mingw32/bin/../lib/gcc/nios2-elf/5.3.0/../../../../../H-x86_64-mingw32/nios2-elf/lib/mno-hw-mul\libc.a(lib_a-svfprintf.o)
                              d:/quartus/nios2eds/bin/gnu/h-x86_64-mingw32/bin/../lib/gcc/nios2-elf/5.3.0/../../../../../H-x86_64-mingw32/nios2-elf/lib/mno-hw-mul\libc.a(lib_a-sprintf.o) (___svfprintf_internal_r)
d:/quartus/nios2eds/bin/gnu/h-x86_64-mingw32/bin/../lib/gcc/nios2-elf/5.3.0/../../../../../H-x86_64-mingw32/nios2-elf/lib/mno-hw-mul\libc.a(lib_a-dtoa.o)
                              d:/quartus/nios2eds/bin/gnu/h-x86_64-mingw32/bin/../lib/gcc/nios2-elf/5.3.0/../../../../../H-x86_64-mingw32/nios2-elf/lib/mno-hw-mul\libc.a(lib_a-svfprintf.o) (_dtoa_r)
d:/quartus/nios2eds/bin/gnu/h-x86_64-mingw32/bin/../lib/gcc/nios2-elf/5.3.0/../../../../../H-x86_64-mingw32/nios2-elf/lib/mno-hw-mul\libc.a(lib_a-impure.o)
                              d:/quartus/nios2eds/bin/gnu/h-x86_64-mingw32/bin/../lib/gcc/nios2-elf/5.3.0/../../../../../H-x86_64-mingw32/nios2-elf/lib/mno-hw-mul\libc.a(lib_a-rand.o) (_impure_ptr)
d:/quartus/nios2eds/bin/gnu/h-x86_64-mingw32/bin/../lib/gcc/nios2-elf/5.3.0/../../../../../H-x86_64-mingw32/nios2-elf/lib/mno-hw-mul\libc.a(lib_a-locale.o)
                              d:/quartus/nios2eds/bin/gnu/h-x86_64-mingw32/bin/../lib/gcc/nios2-elf/5.3.0/../../../../../H-x86_64-mingw32/nios2-elf/lib/mno-hw-mul\libc.a(lib_a-svfprintf.o) (_localeconv_r)
d:/quartus/nios2eds/bin/gnu/h-x86_64-mingw32/bin/../lib/gcc/nios2-elf/5.3.0/../../../../../H-x86_64-mingw32/nios2-elf/lib/mno-hw-mul\libc.a(lib_a-mallocr.o)
                              d:/quartus/nios2eds/bin/gnu/h-x86_64-mingw32/bin/../lib/gcc/nios2-elf/5.3.0/../../../../../H-x86_64-mingw32/nios2-elf/lib/mno-hw-mul\libc.a(lib_a-svfprintf.o) (_malloc_r)
d:/quartus/nios2eds/bin/gnu/h-x86_64-mingw32/bin/../lib/gcc/nios2-elf/5.3.0/../../../../../H-x86_64-mingw32/nios2-elf/lib/mno-hw-mul\libc.a(lib_a-memchr.o)
                              d:/quartus/nios2eds/bin/gnu/h-x86_64-mingw32/bin/../lib/gcc/nios2-elf/5.3.0/../../../../../H-x86_64-mingw32/nios2-elf/lib/mno-hw-mul\libc.a(lib_a-svfprintf.o) (memchr)
d:/quartus/nios2eds/bin/gnu/h-x86_64-mingw32/bin/../lib/gcc/nios2-elf/5.3.0/../../../../../H-x86_64-mingw32/nios2-elf/lib/mno-hw-mul\libc.a(lib_a-memcpy.o)
                              d:/quartus/nios2eds/bin/gnu/h-x86_64-mingw32/bin/../lib/gcc/nios2-elf/5.3.0/../../../../../H-x86_64-mingw32/nios2-elf/lib/mno-hw-mul\libc.a(lib_a-dtoa.o) (memcpy)
d:/quartus/nios2eds/bin/gnu/h-x86_64-mingw32/bin/../lib/gcc/nios2-elf/5.3.0/../../../../../H-x86_64-mingw32/nios2-elf/lib/mno-hw-mul\libc.a(lib_a-mprec.o)
                              d:/quartus/nios2eds/bin/gnu/h-x86_64-mingw32/bin/../lib/gcc/nios2-elf/5.3.0/../../../../../H-x86_64-mingw32/nios2-elf/lib/mno-hw-mul\libc.a(lib_a-dtoa.o) (_Balloc)
d:/quartus/nios2eds/bin/gnu/h-x86_64-mingw32/bin/../lib/gcc/nios2-elf/5.3.0/../../../../../H-x86_64-mingw32/nios2-elf/lib/mno-hw-mul\libc.a(lib_a-s_fpclassify.o)
                              d:/quartus/nios2eds/bin/gnu/h-x86_64-mingw32/bin/../lib/gcc/nios2-elf/5.3.0/../../../../../H-x86_64-mingw32/nios2-elf/lib/mno-hw-mul\libc.a(lib_a-svfprintf.o) (__fpclassifyd)
d:/quartus/nios2eds/bin/gnu/h-x86_64-mingw32/bin/../lib/gcc/nios2-elf/5.3.0/../../../../../H-x86_64-mingw32/nios2-elf/lib/mno-hw-mul\libc.a(lib_a-sbrkr.o)
                              d:/quartus/nios2eds/bin/gnu/h-x86_64-mingw32/bin/../lib/gcc/nios2-elf/5.3.0/../../../../../H-x86_64-mingw32/nios2-elf/lib/mno-hw-mul\libc.a(lib_a-mallocr.o) (_sbrk_r)
d:/quartus/nios2eds/bin/gnu/h-x86_64-mingw32/bin/../lib/gcc/nios2-elf/5.3.0/../../../../../H-x86_64-mingw32/nios2-elf/lib/mno-hw-mul\libc.a(lib_a-strcmp.o)
[...]
Memory Configuration

Name             Origin             Length             Attributes
reset            0x0000000004000000 0x0000000000000020
sdram            0x0000000004000020 0x0000000003ffffe0
onchip_memory2_0 0x00000000080051c0 0x0000000000000010
*default*        0x0000000000000000 0xffffffffffffffff

Linker script and memory map

LOAD ../VGA_text_72_bsp//obj/HAL/src/crt0.o
LOAD obj/default/main.o
LOAD obj/default/palette_test.o
LOAD obj/default/text_mode_vga_color.o
LOAD d:/quartus/nios2eds/bin/gnu/h-x86_64-mingw32/bin/../lib/gcc/nios2-elf/5.3.0/../../../../../H-x86_64-mingw32/nios2-elf/lib/mno-hw-mul\libstdc++.a
LOAD d:/quartus/nios2eds/bin/gnu/h-x86_64-mingw32/bin/../lib/gcc/nios2-elf/5.3.0/../../../../../H-x86_64-mingw32/nios2-elf/lib/mno-hw-mul\libm.a
LOAD d:/quartus/nios2eds/bin/gnu/h-x86_64-mingw32/bin/../lib/gcc/nios2-elf/5.3.0/mno-hw-mul\libgcc.a
START GROUP
LOAD d:/quartus/nios2eds/bin/gnu/h-x86_64-mingw32/bin/../lib/gcc/nios2-elf/5.3.0/../../../../../H-x86_64-mingw32/nios2-elf/lib/mno-hw-mul\libc.a
LOAD d:/quartus/nios2eds/bin/gnu/h-x86_64-mingw32/bin/../lib/gcc/nios2-elf/5.3.0/mno-hw-mul\libgcc.a
LOAD ../VGA_text_72_bsp/\libhal_bsp.a
LOAD d:/quartus/nios2eds/bin/gnu/h-x86_64-mingw32/bin/../lib/gcc/nios2-elf/5.3.0/../../../../../H-x86_64-mingw32/nios2-elf/lib/mno-hw-mul\libm.a
END GROUP
LOAD d:/quartus/nios2eds/bin/gnu/h-x86_64-mingw32/bin/../lib/gcc/nios2-elf/5.3.0/mno-hw-mul\libgcc.a
                0x0000000004000000                __alt_mem_sdram = 0x4000000
                0x00000000080051c0                __alt_mem_onchip_memory2_0 = 0x80051c0

.entry          0x0000000004000000       0x20
 *(.entry)
 .entry         0x0000000004000000       0x20 ../VGA_text_72_bsp//obj/HAL/src/crt0.o
                0x0000000004000000                __reset

.exceptions     0x0000000004000020      0x210
                0x0000000004000020                PROVIDE (__ram_exceptions_start, ABSOLUTE (.))
                0x0000000004000020                . = ALIGN (0x20)
 *(.irq)
 *(.exceptions.entry.label)
 .exceptions.entry.label
                0x0000000004000020        0x0 ../VGA_text_72_bsp/\libhal_bsp.a(alt_irq_entry.o)
                0x0000000004000020                alt_irq_entry
 .exceptions.entry.label
                0x0000000004000020        0x0 ../VGA_text_72_bsp/\libhal_bsp.a(alt_exception_entry.o)
                0x0000000004000020                alt_exception
 *(.exceptions.entry.user)
 *(.exceptions.entry.ecc_fatal)
 *(.exceptions.entry)
 .exceptions.entry
                0x0000000004000020       0x54 ../VGA_text_72_bsp/\libhal_bsp.a(alt_exception_entry.o)
 *(.exceptions.irqtest.user)
 *(.exceptions.irqtest)
 .exceptions.irqtest
                0x0000000004000074       0x10 ../VGA_text_72_bsp/\libhal_bsp.a(alt_irq_entry.o)
 *(.exceptions.irqhandler.user)
 *(.exceptions.irqhandler)
 .exceptions.irqhandler
                0x0000000004000084        0x4 ../VGA_text_72_bsp/\libhal_bsp.a(alt_irq_entry.o)
 *(.exceptions.irqreturn.user)
 *(.exceptions.irqreturn)
 .exceptions.irqreturn
                0x0000000004000088        0x4 ../VGA_text_72_bsp/\libhal_bsp.a(alt_irq_entry.o)
 *(.exceptions.notirq.label)
 .exceptions.notirq.label
                0x000000000400008c        0x0 ../VGA_text_72_bsp/\libhal_bsp.a(alt_irq_entry.o)
 *(.exceptions.notirq.user)
 *(.exceptions.notirq)
 .exceptions.notirq
                0x000000000400008c        0x8 ../VGA_text_72_bsp/\libhal_bsp.a(alt_exception_entry.o)
 *(.exceptions.soft.user)
 *(.exceptions.soft)
 *(.exceptions.unknown.user)
 *(.exceptions.unknown)
 .exceptions.unknown
                0x0000000004000094       0x14 ../VGA_text_72_bsp/\libhal_bsp.a(alt_exception_entry.o)
 *(.exceptions.exit.label)
 .exceptions.exit.label
                0x00000000040000a8        0x0 ../VGA_text_72_bsp/\libhal_bsp.a(alt_irq_entry.o)
 .exceptions.exit.label
                0x00000000040000a8        0x0 ../VGA_text_72_bsp/\libhal_bsp.a(alt_exception_entry.o)
 *(.exceptions.exit.user)
 *(.exceptions.exit)
 .exceptions.exit
                0x00000000040000a8       0x54 ../VGA_text_72_bsp/\libhal_bsp.a(alt_exception_entry.o)
 *(.exceptions)
 .exceptions    0x00000000040000fc       0xd4 ../VGA_text_72_bsp/\libhal_bsp.a(alt_irq_handler.o)
                0x00000000040000fc                alt_irq_handler
 .exceptions    0x00000000040001d0       0x60 ../VGA_text_72_bsp/\libhal_bsp.a(alt_instruction_exception_entry.o)
                0x00000000040001d0                alt_instruction_exception_entry
                0x0000000004000230                PROVIDE (__ram_exceptions_end, ABSOLUTE (.))
                0x0000000004000020                PROVIDE (__flash_exceptions_start, LOADADDR (.exceptions))

.text           0x0000000004000230     0xdf3c
                [!provide]                        PROVIDE (stext, ABSOLUTE (.))
 *(.interp)
 *(.hash)
 *(.dynsym)
 *(.dynstr)
 *(.gnu.version)
 *(.gnu.version_d)
 *(.gnu.version_r)
 *(.rel.init)
 *(.rela.init)
 *(.rel.text .rel.text.* .rel.gnu.linkonce.t.*)
 *(.rela.text .rela.text.* .rela.gnu.linkonce.t.*)
 *(.rel.fini)
 *(.rela.fini)
 *(.rel.rodata .rel.rodata.* .rel.gnu.linkonce.r.*)
 *(.rela.rodata .rela.rodata.* .rela.gnu.linkonce.r.*)
 *(.rel.data .rel.data.* .rel.gnu.linkonce.d.*)
 *(.rela.data .rela.data.* .rela.gnu.linkonce.d.*)
 *(.rel.tdata .rel.tdata.* .rel.gnu.linkonce.td.*)
 *(.rela.tdata .rela.tdata.* .rela.gnu.linkonce.td.*)
 *(.rel.tbss .rel.tbss.* .rel.gnu.linkonce.tb.*)
 *(.rela.tbss .rela.tbss.* .rela.gnu.linkonce.tb.*)
 *(.rel.ctors)
 *(.rela.ctors)
 *(.rel.dtors)
 *(.rela.dtors)
 *(.rel.got)
 *(.rela.got)
 *(.rel.sdata .rel.sdata.* .rel.gnu.linkonce.s.*)
 *(.rela.sdata .rela.sdata.* .rela.gnu.linkonce.s.*)
 *(.rel.sbss .rel.sbss.* .rel.gnu.linkonce.sb.*)
 *(.rela.sbss .rela.sbss.* .rela.gnu.linkonce.sb.*)
 *(.rel.sdata2 .rel.sdata2.* .rel.gnu.linkonce.s2.*)
 *(.rela.sdata2 .rela.sdata2.* .rela.gnu.linkonce.s2.*)
 *(.rel.sbss2 .rel.sbss2.* .rel.gnu.linkonce.sb2.*)
 *(.rela.sbss2 .rela.sbss2.* .rela.gnu.linkonce.sb2.*)
 *(.rel.bss .rel.bss.* .rel.gnu.linkonce.b.*)
 *(.rela.bss .rela.bss.* .rela.gnu.linkonce.b.*)
 *(.rel.plt)
 *(.rela.plt)
 *(.rel.dyn)
 *(.init)
 *(.plt)
 *(.text .stub .text.* .gnu.linkonce.t.*)
 .text          0x0000000004000230       0x3c ../VGA_text_72_bsp//obj/HAL/src/crt0.o
                0x0000000004000230                _start
 .text          0x000000000400026c       0x1c obj/default/main.o
                0x000000000400026c                main
 .text          0x0000000004000288      0x1b4 obj/default/palette_test.o
                0x0000000004000288                paletteTest
 .text          0x000000000400043c      0x508 obj/default/text_mode_vga_color.o
                0x000000000400043c                textVGAColorClr
                0x000000000400048c                textVGADrawColorText
                0x000000000400059c                setColorPalette
                0x00000000040006d8                textVGAColorScreenSaver
 .text          0x0000000004000944      0x1b4 d:/quartus/nios2eds/bin/gnu/h-x86_64-mingw32/bin/../lib/gcc/nios2-elf/5.3.0/mno-hw-mul\libgcc.a(lib2-divmod.o)
                0x0000000004000944                __divsi3
                0x00000000040009c8                __modsi3
                0x0000000004000a3c                __udivsi3
                0x0000000004000aa0                __umodsi3
 .text          0x0000000004000af8       0x28 d:/quartus/nios2eds/bin/gnu/h-x86_64-mingw32/bin/../lib/gcc/nios2-elf/5.3.0/mno-hw-mul\libgcc.a(lib2-mul.o)
                0x0000000004000af8                __mulsi3
 .text          0x0000000004000b20        0x0 d:/quartus/nios2eds/bin/gnu/h-x86_64-mingw32/bin/../lib/gcc/nios2-elf/5.3.0/../../../../../H-x86_64-mingw32/nios2-elf/lib/mno-hw-mul\libc.a(lib_a-rand.o)
 .text.srand    0x0000000004000b20       0x18 d:/quartus/nios2eds/bin/gnu/h-x86_64-mingw32/bin/../lib/gcc/nios2-elf/5.3.0/../../../../../H-x86_64-mingw32/nios2-elf/lib/mno-hw-mul\libc.a(lib_a-rand.o)
                0x0000000004000b20                srand
 .text.rand     0x0000000004000b38       0x64 d:/quartus/nios2eds/bin/gnu/h-x86_64-mingw32/bin/../lib/gcc/nios2-elf/5.3.0/../../../../../H-x86_64-mingw32/nios2-elf/lib/mno-hw-mul\libc.a(lib_a-rand.o)
                0x0000000004000b38                rand
 .text          0x0000000004000b9c        0x0 d:/quartus/nios2eds/bin/gnu/h-x86_64-mingw32/bin/../lib/gcc/nios2-elf/5.3.0/../../../../../H-x86_64-mingw32/nios2-elf/lib/mno-hw-mul\libc.a(lib_a-sprintf.o)
 .text._sprintf_r
                0x0000000004000b9c       0x58 d:/quartus/nios2eds/bin/gnu/h-x86_64-mingw32/bin/../lib/gcc/nios2-elf/5.3.0/../../../../../H-x86_64-mingw32/nios2-elf/lib/mno-hw-mul\libc.a(lib_a-sprintf.o)
                0x0000000004000b9c                _sprintf_r
 .text.sprintf  0x0000000004000bf4       0x6c d:/quartus/nios2eds/bin/gnu/h-x86_64-mingw32/bin/../lib/gcc/nios2-elf/5.3.0/../../../../../H-x86_64-mingw32/nios2-elf/lib/mno-hw-mul\libc.a(lib_a-sprintf.o)
                0x0000000004000bf4                sprintf
 .text          0x0000000004000c60        0x0 d:/quartus/nios2eds/bin/gnu/h-x86_64-mingw32/bin/../lib/gcc/nios2-elf/5.3.0/../../../../../H-x86_64-mingw32/nios2-elf/lib/mno-hw-mul\libc.a(lib_a-strlen.o)
 .text.strlen   0x0000000004000c60       0x98 d:/quartus/nios2eds/bin/gnu/h-x86_64-mingw32/bin/../lib/gcc/nios2-elf/5.3.0/../../../../../H-x86_64-mingw32/nios2-elf/lib/mno-hw-mul\libc.a(lib_a-strlen.o)
                0x0000000004000c60                strlen
 .text          0x0000000004000cf8        0x0 d:/quartus/nios2eds/bin/gnu/h-x86_64-mingw32/bin/../lib/gcc/nios2-elf/5.3.0/../../../../../H-x86_64-mingw32/nios2-elf/lib/mno-hw-mul\libc.a(lib_a-svfprintf.o)
 .text.___svfprintf_internal_r
                0x0000000004000cf8     0x22bc d:/quartus/nios2eds/bin/gnu/h-x86_64-mingw32/bin/../lib/gcc/nios2-elf/5.3.0/../../../../../H-x86_64-mingw32/nios2-elf/lib/mno-hw-mul\libc.a(lib_a-svfprintf.o)
                0x0000000004000cf8                ___svfprintf_internal_r
 .text          0x0000000004002fb4        0x0 d:/quartus/nios2eds/bin/gnu/h-x86_64-mingw32/bin/../lib/gcc/nios2-elf/5.3.0/../../../../../H-x86_64-mingw32/nios2-elf/lib/mno-hw-mul\libc.a(lib_a-dtoa.o)
 .text.quorem   0x0000000004002fb4      0x228 d:/quartus/nios2eds/bin/gnu/h-x86_64-mingw32/bin/../lib/gcc/nios2-elf/5.3.0/../../../../../H-x86_64-mingw32/nios2-elf/lib/mno-hw-mul\libc.a(lib_a-dtoa.o)
 .text._dtoa_r  0x00000000040031dc     0x1688 d:/quartus/nios2eds/bin/gnu/h-x86_64-mingw32/bin/../lib/gcc/nios2-elf/5.3.0/../../../../../H-x86_64-mingw32/nios2-elf/lib/mno-hw-mul\libc.a(lib_a-dtoa.o)
                0x00000000040031dc                _dtoa_r
 .text          0x0000000004004864        0x0 d:/quartus/nios2eds/bin/gnu/h-x86_64-mingw32/bin/../lib/gcc/nios2-elf/5.3.0/../../../../../H-x86_64-mingw32/nios2-elf/lib/mno-hw-mul\libc.a(lib_a-impure.o)
 .text          0x0000000004004864        0x0 d:/quartus/nios2eds/bin/gnu/h-x86_64-mingw32/bin/../lib/gcc/nios2-elf/5.3.0/../../../../../H-x86_64-mingw32/nios2-elf/lib/mno-hw-mul\libc.a(lib_a-locale.o)
 .text._setlocale_r
                0x0000000004004864       0x7c d:/quartus/nios2eds/bin/gnu/h-x86_64-mingw32/bin/../lib/gcc/nios2-elf/5.3.0/../../../../../H-x86_64-mingw32/nios2-elf/lib/mno-hw-mul\libc.a(lib_a-locale.o)
                0x0000000004004864                _setlocale_r
 .text.__locale_charset
                0x00000000040048e0        0xc d:/quartus/nios2eds/bin/gnu/h-x86_64-mingw32/bin/../lib/gcc/nios2-elf/5.3.0/../../../../../H-x86_64-mingw32/nios2-elf/lib/mno-hw-mul\libc.a(lib_a-locale.o)
                0x00000000040048e0                __locale_charset
 .text.__locale_mb_cur_max
                0x00000000040048ec       0x10 d:/quartus/nios2eds/bin/gnu/h-x86_64-mingw32/bin/../lib/gcc/nios2-elf/5.3.0/../../../../../H-x86_64-mingw32/nios2-elf/lib/mno-hw-mul\libc.a(lib_a-locale.o)
                0x00000000040048ec                __locale_mb_cur_max
 .text.__locale_msgcharset
                0x00000000040048fc        0xc d:/quartus/nios2eds/bin/gnu/h-x86_64-mingw32/bin/../lib/gcc/nios2-elf/5.3.0/../../../../../H-x86_64-mingw32/nios2-elf/lib/mno-hw-mul\libc.a(lib_a-locale.o)
                0x00000000040048fc                __locale_msgcharset
 .text.__locale_cjk_lang
                0x0000000004004908        0x8 d:/quartus/nios2eds/bin/gnu/h-x86_64-mingw32/bin/../lib/gcc/nios2-elf/5.3.0/../../../../../H-x86_64-mingw32/nios2-elf/lib/mno-hw-mul\libc.a(lib_a-locale.o)
                0x0000000004004908                __locale_cjk_lang
 .text._localeconv_r
                0x0000000004004910        0xc d:/quartus/nios2eds/bin/gnu/h-x86_64-mingw32/bin/../lib/gcc/nios2-elf/5.3.0/../../../../../H-x86_64-mingw32/nios2-elf/lib/mno-hw-mul\libc.a(lib_a-locale.o)
                0x0000000004004910                _localeconv_r
 .text.setlocale
                0x000000000400491c       0x18 d:/quartus/nios2eds/bin/gnu/h-x86_64-mingw32/bin/../lib/gcc/nios2-elf/5.3.0/../../../../../H-x86_64-mingw32/nios2-elf/lib/mno-hw-mul\libc.a(lib_a-locale.o)
                0x000000000400491c                setlocale
 .text.localeconv
                0x0000000004004934        0xc d:/quartus/nios2eds/bin/gnu/h-x86_64-mingw32/bin/../lib/gcc/nios2-elf/5.3.0/../../../../../H-x86_64-mingw32/nios2-elf/lib/mno-hw-mul\libc.a(lib_a-locale.o)
                0x0000000004004934                localeconv
 .text          0x0000000004004940        0x0 d:/quartus/nios2eds/bin/gnu/h-x86_64-mingw32/bin/../lib/gcc/nios2-elf/5.3.0/../../../../../H-x86_64-mingw32/nios2-elf/lib/mno-hw-mul\libc.a(lib_a-mallocr.o)
 .text._malloc_r
                0x0000000004004940      0x80c d:/quartus/nios2eds/bin/gnu/h-x86_64-mingw32/bin/../lib/gcc/nios2-elf/5.3.0/../../../../../H-x86_64-mingw32/nios2-elf/lib/mno-hw-mul\libc.a(lib_a-mallocr.o)
                0x0000000004004940                _malloc_r
 .text          0x000000000400514c        0x0 d:/quartus/nios2eds/bin/gnu/h-x86_64-mingw32/bin/../lib/gcc/nios2-elf/5.3.0/../../../../../H-x86_64-mingw32/nios2-elf/lib/mno-hw-mul\libc.a(lib_a-memchr.o)
 .text.memchr   0x000000000400514c       0xe4 d:/quartus/nios2eds/bin/gnu/h-x86_64-mingw32/bin/../lib/gcc/nios2-elf/5.3.0/../../../../../H-x86_64-mingw32/nios2-elf/lib/mno-hw-mul\libc.a(lib_a-memchr.o)
                0x000000000400514c                memchr
 .text          0x0000000004005230        0x0 d:/quartus/nios2eds/bin/gnu/h-x86_64-mingw32/bin/../lib/gcc/nios2-elf/5.3.0/../../../../../H-x86_64-mingw32/nios2-elf/lib/mno-hw-mul\libc.a(lib_a-memcpy.o)
 .text.memcpy   0x0000000004005230      0x148 d:/quartus/nios2eds/bin/gnu/h-x86_64-mingw32/bin/../lib/gcc/nios2-elf/5.3.0/../../../../../H-x86_64-mingw32/nios2-elf/lib/mno-hw-mul\libc.a(lib_a-memcpy.o)
                0x0000000004005230                memcpy
 .text          0x0000000004005378        0x0 d:/quartus/nios2eds/bin/gnu/h-x86_64-mingw32/bin/../lib/gcc/nios2-elf/5.3.0/../../../../../H-x86_64-mingw32/nios2-elf/lib/mno-hw-mul\libc.a(lib_a-mprec.o)
 .text._Balloc  0x0000000004005378       0xa8 d:/quartus/nios2eds/bin/gnu/h-x86_64-mingw32/bin/../lib/gcc/nios2-elf/5.3.0/../../../../../H-x86_64-mingw32/nios2-elf/lib/mno-hw-mul\libc.a(lib_a-mprec.o)
                0x0000000004005378                _Balloc
 .text._Bfree   0x0000000004005420       0x28 d:/quartus/nios2eds/bin/gnu/h-x86_64-mingw32/bin/../lib/gcc/nios2-elf/5.3.0/../../../../../H-x86_64-mingw32/nios2-elf/lib/mno-hw-mul\libc.a(lib_a-mprec.o)
                0x0000000004005420                _Bfree
 .text.__multadd
                0x0000000004005448      0x148 d:/quartus/nios2eds/bin/gnu/h-x86_64-mingw32/bin/../lib/gcc/nios2-elf/5.3.0/../../../../../H-x86_64-mingw32/nios2-elf/lib/mno-hw-mul\libc.a(lib_a-mprec.o)
                0x0000000004005448                __multadd
 .text.__s2b    0x0000000004005590      0x104 d:/quartus/nios2eds/bin/gnu/h-x86_64-mingw32/bin/../lib/gcc/nios2-elf/5.3.0/../../../../../H-x86_64-mingw32/nios2-elf/lib/mno-hw-mul\libc.a(lib_a-mprec.o)
                0x0000000004005590                __s2b
 .text.__hi0bits
                0x0000000004005694       0x68 d:/quartus/nios2eds/bin/gnu/h-x86_64-mingw32/bin/../lib/gcc/nios2-elf/5.3.0/../../../../../H-x86_64-mingw32/nios2-elf/lib/mno-hw-mul\libc.a(lib_a-mprec.o)
                0x0000000004005694                __hi0bits
 .text.__lo0bits
                0x00000000040056fc       0xb0 d:/quartus/nios2eds/bin/gnu/h-x86_64-mingw32/bin/../lib/gcc/nios2-elf/5.3.0/../../../../../H-x86_64-mingw32/nios2-elf/lib/mno-hw-mul\libc.a(lib_a-mprec.o)
                0x00000000040056fc                __lo0bits
 .text.__i2b    0x00000000040057ac       0x3c d:/quartus/nios2eds/bin/gnu/h-x86_64-mingw32/bin/../lib/gcc/nios2-elf/5.3.0/../../../../../H-x86_64-mingw32/nios2-elf/lib/mno-hw-mul\libc.a(lib_a-mprec.o)
                0x00000000040057ac                __i2b
 .text.__multiply
                0x00000000040057e8      0x28c d:/quartus/nios2eds/bin/gnu/h-x86_64-mingw32/bin/../lib/gcc/nios2-elf/5.3.0/../../../../../H-x86_64-mingw32/nios2-elf/lib/mno-hw-mul\libc.a(lib_a-mprec.o)
                0x00000000040057e8                __multiply
 .text.__pow5mult
                0x0000000004005a74      0x140 d:/quartus/nios2eds/bin/gnu/h-x86_64-mingw32/bin/../lib/gcc/nios2-elf/5.3.0/../../../../../H-x86_64-mingw32/nios2-elf/lib/mno-hw-mul\libc.a(lib_a-mprec.o)
                0x0000000004005a74                __pow5mult
 .text.__lshift
                0x0000000004005bb4      0x148 d:/quartus/nios2eds/bin/gnu/h-x86_64-mingw32/bin/../lib/gcc/nios2-elf/5.3.0/../../../../../H-x86_64-mingw32/nios2-elf/lib/mno-hw-mul\libc.a(lib_a-mprec.o)
                0x0000000004005bb4                __lshift
 .text.__mcmp   0x0000000004005cfc       0x60 d:/quartus/nios2eds/bin/gnu/h-x86_64-mingw32/bin/../lib/gcc/nios2-elf/5.3.0/../../../../../H-x86_64-mingw32/nios2-elf/lib/mno-hw-mul\libc.a(lib_a-mprec.o)
                0x0000000004005cfc                __mcmp
 .text.__mdiff  0x0000000004005d5c      0x1fc d:/quartus/nios2eds/bin/gnu/h-x86_64-mingw32/bin/../lib/gcc/nios2-elf/5.3.0/../../../../../H-x86_64-mingw32/nios2-elf/lib/mno-hw-mul\libc.a(lib_a-mprec.o)
                0x0000000004005d5c                __mdiff
 .text.__ulp    0x0000000004005f58       0x64 d:/quartus/nios2eds/bin/gnu/h-x86_64-mingw32/bin/../lib/gcc/nios2-elf/5.3.0/../../../../../H-x86_64-mingw32/nios2-elf/lib/mno-hw-mul\libc.a(lib_a-mprec.o)
                0x0000000004005f58                __ulp
 .text.__b2d    0x0000000004005fbc      0x10c d:/quartus/nios2eds/bin/gnu/h-x86_64-mingw32/bin/../lib/gcc/nios2-elf/5.3.0/../../../../../H-x86_64-mingw32/nios2-elf/lib/mno-hw-mul\libc.a(lib_a-mprec.o)
                0x0000000004005fbc                __b2d
 .text.__d2b    0x00000000040060c8      0x14c d:/quartus/nios2eds/bin/gnu/h-x86_64-mingw32/bin/../lib/gcc/nios2-elf/5.3.0/../../../../../H-x86_64-mingw32/nios2-elf/lib/mno-hw-mul\libc.a(lib_a-mprec.o)
                0x00000000040060c8                __d2b
 .text.__ratio  0x0000000004006214       0xa4 d:/quartus/nios2eds/bin/gnu/h-x86_64-mingw32/bin/../lib/gcc/nios2-elf/5.3.0/../../../../../H-x86_64-mingw32/nios2-elf/lib/mno-hw-mul\libc.a(lib_a-mprec.o)
                0x0000000004006214                __ratio
 .text._mprec_log10
                0x00000000040062b8       0x74 d:/quartus/nios2eds/bin/gnu/h-x86_64-mingw32/bin/../lib/gcc/nios2-elf/5.3.0/../../../../../H-x86_64-mingw32/nios2-elf/lib/mno-hw-mul\libc.a(lib_a-mprec.o)
                0x00000000040062b8                _mprec_log10
 .text.__copybits
                0x000000000400632c       0x78 d:/quartus/nios2eds/bin/gnu/h-x86_64-mingw32/bin/../lib/gcc/nios2-elf/5.3.0/../../../../../H-x86_64-mingw32/nios2-elf/lib/mno-hw-mul\libc.a(lib_a-mprec.o)
                0x000000000400632c                __copybits
 .text.__any_on
                0x00000000040063a4       0x8c d:/quartus/nios2eds/bin/gnu/h-x86_64-mingw32/bin/../lib/gcc/nios2-elf/5.3.0/../../../../../H-x86_64-mingw32/nios2-elf/lib/mno-hw-mul\libc.a(lib_a-mprec.o)
                0x00000000040063a4                __any_on
 .text          0x0000000004006430        0x0 d:/quartus/nios2eds/bin/gnu/h-x86_64-mingw32/bin/../lib/gcc/nios2-elf/5.3.0/../../../../../H-x86_64-mingw32/nios2-elf/lib/mno-hw-mul\libc.a(lib_a-s_fpclassify.o)
 .text.__fpclassifyd
                0x0000000004006430       0x74 d:/quartus/nios2eds/bin/gnu/h-x86_64-mingw32/bin/../lib/gcc/nios2-elf/5.3.0/../../../../../H-x86_64-mingw32/nios2-elf/lib/mno-hw-mul\libc.a(lib_a-s_fpclassify.o)
                0x0000000004006430                __fpclassifyd
 .text          0x00000000040064a4        0x0 d:/quartus/nios2eds/bin/gnu/h-x86_64-mingw32/bin/../lib/gcc/nios2-elf/5.3.0/../../../../../H-x86_64-mingw32/nios2-elf/lib/mno-hw-mul\libc.a(lib_a-sbrkr.o)
 .text._sbrk_r  0x00000000040064a4       0x54 d:/quartus/nios2eds/bin/gnu/h-x86_64-mingw32/bin/../lib/gcc/nios2-elf/5.3.0/../../../../../H-x86_64-mingw32/nios2-elf/lib/mno-hw-mul\libc.a(lib_a-sbrkr.o)
                0x00000000040064a4                _sbrk_r
 .text          0x00000000040064f8        0x0 d:/quartus/nios2eds/bin/gnu/h-x86_64-mingw32/bin/../lib/gcc/nios2-elf/5.3.0/../../../../../H-x86_64-mingw32/nios2-elf/lib/mno-hw-mul\libc.a(lib_a-strcmp.o)
 .text.strcmp   0x00000000040064f8       0xdc d:/quartus/nios2eds/bin/gnu/h-x86_64-mingw32/bin/../lib/gcc/nios2-elf/5.3.0/../../../../../H-x86_64-mingw32/nios2-elf/lib/mno-hw-mul\libc.a(lib_a-strcmp.o)
                0x00000000040064f8                strcmp
 .text          0x00000000040065d4        0x0 d:/quartus/nios2eds/bin/gnu/h-x86_64-mingw32/bin/../lib/gcc/nios2-elf/5.3.0/../../../../../H-x86_64-mingw32/nios2-elf/lib/mno-hw-mul\libc.a(lib_a-svfiprintf.o)
 .text.__ssprint_r
                0x00000000040065d4      0x1d0 d:/quartus/nios2eds/bin/gnu/h-x86_64-mingw32/bin/../lib/gcc/nios2-elf/5.3.0/../../../../../H-x86_64-mingw32/nios2-elf/lib/mno-hw-mul\libc.a(lib_a-svfiprintf.o)
                0x00000000040065d4                __ssprint_r
 .text.___svfiprintf_internal_r
                0x00000000040067a4     0x13a0 d:/quartus/nios2eds/bin/gnu/h-x86_64-mingw32/bin/../lib/gcc/nios2-elf/5.3.0/../../../../../H-x86_64-mingw32/nios2-elf/lib/mno-hw-mul\libc.a(lib_a-svfiprintf.o)
                0x00000000040067a4                ___svfiprintf_internal_r
 .text          0x0000000004007b44        0x0 d:/quartus/nios2eds/bin/gnu/h-x86_64-mingw32/bin/../lib/gcc/nios2-elf/5.3.0/../../../../../H-x86_64-mingw32/nios2-elf/lib/mno-hw-mul\libc.a(lib_a-callocr.o)
 .text._calloc_r
                0x0000000004007b44       0xdc d:/quartus/nios2eds/bin/gnu/h-x86_64-mingw32/bin/../lib/gcc/nios2-elf/5.3.0/../../../../../H-x86_64-mingw32/nios2-elf/lib/mno-hw-mul\libc.a(lib_a-callocr.o)
                0x0000000004007b44                _calloc_r
 .text          0x0000000004007c20        0x0 d:/quartus/nios2eds/bin/gnu/h-x86_64-mingw32/bin/../lib/gcc/nios2-elf/5.3.0/../../../../../H-x86_64-mingw32/nios2-elf/lib/mno-hw-mul\libc.a(lib_a-freer.o)
 .text._malloc_trim_r
                0x0000000004007c20      0x124 d:/quartus/nios2eds/bin/gnu/h-x86_64-mingw32/bin/../lib/gcc/nios2-elf/5.3.0/../../../../../H-x86_64-mingw32/nios2-elf/lib/mno-hw-mul\libc.a(lib_a-freer.o)
                0x0000000004007c20                _malloc_trim_r
 .text._free_r  0x0000000004007d44      0x310 d:/quartus/nios2eds/bin/gnu/h-x86_64-mingw32/bin/../lib/gcc/nios2-elf/5.3.0/../../../../../H-x86_64-mingw32/nios2-elf/lib/mno-hw-mul\libc.a(lib_a-freer.o)
                0x0000000004007d44                _free_r
 .text          0x0000000004008054        0x0 d:/quartus/nios2eds/bin/gnu/h-x86_64-mingw32/bin/../lib/gcc/nios2-elf/5.3.0/../../../../../H-x86_64-mingw32/nios2-elf/lib/mno-hw-mul\libc.a(lib_a-int_errno.o)
 .text          0x0000000004008054        0x0 d:/quartus/nios2eds/bin/gnu/h-x86_64-mingw32/bin/../lib/gcc/nios2-elf/5.3.0/../../../../../H-x86_64-mingw32/nios2-elf/lib/mno-hw-mul\libc.a(lib_a-memmove.o)
 .text.memmove  0x0000000004008054      0x15c d:/quartus/nios2eds/bin/gnu/h-x86_64-mingw32/bin/../lib/gcc/nios2-elf/5.3.0/../../../../../H-x86_64-mingw32/nios2-elf/lib/mno-hw-mul\libc.a(lib_a-memmove.o)
                0x0000000004008054                memmove
 .text          0x00000000040081b0        0x0 d:/quartus/nios2eds/bin/gnu/h-x86_64-mingw32/bin/../lib/gcc/nios2-elf/5.3.0/../../../../../H-x86_64-mingw32/nios2-elf/lib/mno-hw-mul\libc.a(lib_a-memset.o)
 .text.memset   0x00000000040081b0      0x128 d:/quartus/nios2eds/bin/gnu/h-x86_64-mingw32/bin/../lib/gcc/nios2-elf/5.3.0/../../../../../H-x86_64-mingw32/nios2-elf/lib/mno-hw-mul\libc.a(lib_a-memset.o)
                0x00000000040081b0                memset
 .text          0x00000000040082d8        0x0 d:/quartus/nios2eds/bin/gnu/h-x86_64-mingw32/bin/../lib/gcc/nios2-elf/5.3.0/../../../../../H-x86_64-mingw32/nios2-elf/lib/mno-hw-mul\libc.a(lib_a-reallocr.o)
 .text._realloc_r
                0x00000000040082d8      0x564 d:/quartus/nios2eds/bin/gnu/h-x86_64-mingw32/bin/../lib/gcc/nios2-elf/5.3.0/../../../../../H-x86_64-mingw32/nios2-elf/lib/mno-hw-mul\libc.a(lib_a-reallocr.o)
                0x00000000040082d8                _realloc_r
 .text          0x000000000400883c      0x10c d:/quartus/nios2eds/bin/gnu/h-x86_64-mingw32/bin/../lib/gcc/nios2-elf/5.3.0/mno-hw-mul\libgcc.a(_muldi3.o)
                0x000000000400883c                __muldi3
 .text          0x0000000004008948      0x5fc d:/quartus/nios2eds/bin/gnu/h-x86_64-mingw32/bin/../lib/gcc/nios2-elf/5.3.0/mno-hw-mul\libgcc.a(_udivdi3.o)
                0x0000000004008948                __udivdi3
 .text          0x0000000004008f44      0x5c4 d:/quartus/nios2eds/bin/gnu/h-x86_64-mingw32/bin/../lib/gcc/nios2-elf/5.3.0/mno-hw-mul\libgcc.a(_umoddi3.o)
                0x0000000004008f44                __umoddi3
 .text          0x0000000004009508      0x8ac d:/quartus/nios2eds/bin/gnu/h-x86_64-mingw32/bin/../lib/gcc/nios2-elf/5.3.0/mno-hw-mul\libgcc.a(adddf3.o)
                0x0000000004009508                __adddf3
 .text          0x0000000004009db4      0x9d0 d:/quartus/nios2eds/bin/gnu/h-x86_64-mingw32/bin/../lib/gcc/nios2-elf/5.3.0/mno-hw-mul\libgcc.a(divdf3.o)
                0x0000000004009db4                __divdf3
 .text          0x000000000400a784       0x88 d:/quartus/nios2eds/bin/gnu/h-x86_64-mingw32/bin/../lib/gcc/nios2-elf/5.3.0/mno-hw-mul\libgcc.a(eqdf2.o)
                0x000000000400a784                __nedf2
                0x000000000400a784                __eqdf2
 .text          0x000000000400a80c       0xdc d:/quartus/nios2eds/bin/gnu/h-x86_64-mingw32/bin/../lib/gcc/nios2-elf/5.3.0/mno-hw-mul\libgcc.a(gedf2.o)
                0x000000000400a80c                __gedf2
                0x000000000400a80c                __gtdf2
 .text          0x000000000400a8e8       0xf4 d:/quartus/nios2eds/bin/gnu/h-x86_64-mingw32/bin/../lib/gcc/nios2-elf/5.3.0/mno-hw-mul\libgcc.a(ledf2.o)
                0x000000000400a8e8                __ledf2
                0x000000000400a8e8                __ltdf2
 .text          0x000000000400a9dc      0x86c d:/quartus/nios2eds/bin/gnu/h-x86_64-mingw32/bin/../lib/gcc/nios2-elf/5.3.0/mno-hw-mul\libgcc.a(muldf3.o)
                0x000000000400a9dc                __muldf3
 .text          0x000000000400b248      0x8fc d:/quartus/nios2eds/bin/gnu/h-x86_64-mingw32/bin/../lib/gcc/nios2-elf/5.3.0/mno-hw-mul\libgcc.a(subdf3.o)
                0x000000000400b248                __subdf3
 .text          0x000000000400bb44       0x80 d:/quartus/nios2eds/bin/gnu/h-x86_64-mingw32/bin/../lib/gcc/nios2-elf/5.3.0/mno-hw-mul\libgcc.a(fixdfsi.o)
                0x000000000400bb44                __fixdfsi
 .text          0x000000000400bbc4       0xdc d:/quartus/nios2eds/bin/gnu/h-x86_64-mingw32/bin/../lib/gcc/nios2-elf/5.3.0/mno-hw-mul\libgcc.a(floatsidf.o)
                0x000000000400bbc4                __floatsidf
 .text          0x000000000400bca0       0xa8 d:/quartus/nios2eds/bin/gnu/h-x86_64-mingw32/bin/../lib/gcc/nios2-elf/5.3.0/mno-hw-mul\libgcc.a(floatunsidf.o)
                0x000000000400bca0                __floatunsidf
 .text          0x000000000400bd48        0x0 d:/quartus/nios2eds/bin/gnu/h-x86_64-mingw32/bin/../lib/gcc/nios2-elf/5.3.0/mno-hw-mul\libgcc.a(_clz.o)
 .text          0x000000000400bd48       0x64 d:/quartus/nios2eds/bin/gnu/h-x86_64-mingw32/bin/../lib/gcc/nios2-elf/5.3.0/mno-hw-mul\libgcc.a(_clzsi2.o)
                0x000000000400bd48                __clzsi2
 .text          0x000000000400bdac       0xec ../VGA_text_72_bsp/\libhal_bsp.a(alt_load.o)
                0x000000000400be14                alt_load
 .text          0x000000000400be98       0x7c ../VGA_text_72_bsp/\libhal_bsp.a(alt_main.o)
                0x000000000400be98                alt_main
 .text          0x000000000400bf14       0x48 ../VGA_text_72_bsp/\libhal_bsp.a(alt_malloc_lock.o)
                0x000000000400bf14                __malloc_lock
                0x000000000400bf38                __malloc_unlock
 .text          0x000000000400bf5c       0xb0 ../VGA_text_72_bsp/\libhal_bsp.a(alt_sbrk.o)
                0x000000000400bf5c                sbrk
 .text          0x000000000400c00c       0x30 ../VGA_text_72_bsp/\libhal_bsp.a(alt_usleep.o)
                0x000000000400c00c                usleep
 .text          0x000000000400c03c       0xd4 ../VGA_text_72_bsp/\libhal_bsp.a(alt_sys_init.o)
                0x000000000400c070                alt_irq_init
                0x000000000400c0a8                alt_sys_init
 .text          0x000000000400c110      0x164 ../VGA_text_72_bsp/\libhal_bsp.a(altera_avalon_jtag_uart_fd.o)
                0x000000000400c110                altera_avalon_jtag_uart_read_fd
                0x000000000400c170                altera_avalon_jtag_uart_write_fd
                0x000000000400c1d0                altera_avalon_jtag_uart_close_fd
                0x000000000400c220                altera_avalon_jtag_uart_ioctl_fd
 .text          0x000000000400c274      0x3d4 ../VGA_text_72_bsp/\libhal_bsp.a(altera_avalon_jtag_uart_init.o)
                0x000000000400c274                altera_avalon_jtag_uart_init
                0x000000000400c5e0                altera_avalon_jtag_uart_close
 .text          0x000000000400c648       0xf0 ../VGA_text_72_bsp/\libhal_bsp.a(altera_avalon_jtag_uart_ioctl.o)
                0x000000000400c648                altera_avalon_jtag_uart_ioctl
 .text          0x000000000400c738      0x21c ../VGA_text_72_bsp/\libhal_bsp.a(altera_avalon_jtag_uart_read.o)
                0x000000000400c738                altera_avalon_jtag_uart_read
 .text          0x000000000400c954      0x224 ../VGA_text_72_bsp/\libhal_bsp.a(altera_avalon_jtag_uart_write.o)
                0x000000000400c954                altera_avalon_jtag_uart_write
 .text          0x000000000400cb78       0xf4 ../VGA_text_72_bsp/\libhal_bsp.a(altera_avalon_timer_sc.o)
                0x000000000400cbf0                alt_avalon_timer_sc_init
 .text          0x000000000400cc6c      0x12c ../VGA_text_72_bsp/\libhal_bsp.a(alt_alarm_start.o)
                0x000000000400cc6c                alt_alarm_start
 .text          0x000000000400cd98      0x158 ../VGA_text_72_bsp/\libhal_bsp.a(alt_busy_sleep.o)
                0x000000000400cd98                alt_busy_sleep
 .text          0x000000000400cef0      0x114 ../VGA_text_72_bsp/\libhal_bsp.a(alt_close.o)
                0x000000000400cf2c                close
 .text          0x000000000400d004       0x20 ../VGA_text_72_bsp/\libhal_bsp.a(alt_dcache_flush_all.o)
                0x000000000400d004                alt_dcache_flush_all
 .text          0x000000000400d024       0x2c ../VGA_text_72_bsp/\libhal_bsp.a(alt_dev.o)
 .text          0x000000000400d050       0xe0 ../VGA_text_72_bsp/\libhal_bsp.a(alt_dev_llist_insert.o)
                0x000000000400d08c                alt_dev_llist_insert
 .text          0x000000000400d130       0x60 ../VGA_text_72_bsp/\libhal_bsp.a(alt_do_ctors.o)
                0x000000000400d130                _do_ctors
 .text          0x000000000400d190       0x60 ../VGA_text_72_bsp/\libhal_bsp.a(alt_do_dtors.o)
                0x000000000400d190                _do_dtors
 .text          0x000000000400d1f0        0x0 ../VGA_text_72_bsp/\libhal_bsp.a(alt_errno.o)
 .text          0x000000000400d1f0       0x20 ../VGA_text_72_bsp/\libhal_bsp.a(alt_icache_flush_all.o)
                0x000000000400d1f0                alt_icache_flush_all
 .text          0x000000000400d210      0x1b0 ../VGA_text_72_bsp/\libhal_bsp.a(alt_iic.o)
                0x000000000400d210                alt_ic_isr_register
                0x000000000400d260                alt_ic_irq_enable
                0x000000000400d2e8                alt_ic_irq_disable
                0x000000000400d374                alt_ic_irq_enabled
 .text          0x000000000400d3c0       0xf0 ../VGA_text_72_bsp/\libhal_bsp.a(alt_iic_isr_register.o)
                0x000000000400d3c0                alt_iic_isr_register
 .text          0x000000000400d4b0      0x160 ../VGA_text_72_bsp/\libhal_bsp.a(alt_io_redirect.o)
                0x000000000400d594                alt_io_redirect
 .text          0x000000000400d610        0x0 ../VGA_text_72_bsp/\libhal_bsp.a(alt_irq_entry.o)
 .text          0x000000000400d610        0x0 ../VGA_text_72_bsp/\libhal_bsp.a(alt_irq_handler.o)
 .text          0x000000000400d610        0x0 ../VGA_text_72_bsp/\libhal_bsp.a(alt_irq_vars.o)
 .text          0x000000000400d610      0x284 ../VGA_text_72_bsp/\libhal_bsp.a(alt_open.o)
                0x000000000400d738                open
 .text          0x000000000400d894       0x84 ../VGA_text_72_bsp/\libhal_bsp.a(alt_release_fd.o)
                0x000000000400d894                alt_release_fd
 .text          0x000000000400d918      0x1a4 ../VGA_text_72_bsp/\libhal_bsp.a(alt_tick.o)
                0x000000000400d918                alt_alarm_stop
                0x000000000400d9b4                alt_tick
 .text          0x000000000400dabc       0x24 ../VGA_text_72_bsp/\libhal_bsp.a(altera_nios2_gen2_irq.o)
                0x000000000400dabc                altera_nios2_gen2_irq_init
 .text          0x000000000400dae0        0x0 ../VGA_text_72_bsp/\libhal_bsp.a(alt_exception_entry.o)
 .text          0x000000000400dae0       0x90 ../VGA_text_72_bsp/\libhal_bsp.a(alt_find_dev.o)
                0x000000000400dae0                alt_find_dev
 .text          0x000000000400db70      0x108 ../VGA_text_72_bsp/\libhal_bsp.a(alt_find_file.o)
                0x000000000400db70                alt_find_file
 .text          0x000000000400dc78       0xc4 ../VGA_text_72_bsp/\libhal_bsp.a(alt_get_fd.o)
                0x000000000400dc78                alt_get_fd
 .text          0x000000000400dd3c       0x9c ../VGA_text_72_bsp/\libhal_bsp.a(alt_instruction_exception_entry.o)
                0x000000000400dd3c                alt_exception_cause_generated_bad_addr
 .text          0x000000000400ddd8        0x0 d:/quartus/nios2eds/bin/gnu/h-x86_64-mingw32/bin/../lib/gcc/nios2-elf/5.3.0/../../../../../H-x86_64-mingw32/nios2-elf/lib/mno-hw-mul\libc.a(lib_a-atexit.o)
 .text.atexit   0x000000000400ddd8       0x14 d:/quartus/nios2eds/bin/gnu/h-x86_64-mingw32/bin/../lib/gcc/nios2-elf/5.3.0/../../../../../H-x86_64-mingw32/nios2-elf/lib/mno-hw-mul\libc.a(lib_a-atexit.o)
                0x000000000400ddd8                atexit
 .text          0x000000000400ddec        0x0 d:/quartus/nios2eds/bin/gnu/h-x86_64-mingw32/bin/../lib/gcc/nios2-elf/5.3.0/../../../../../H-x86_64-mingw32/nios2-elf/lib/mno-hw-mul\libc.a(lib_a-exit.o)
 .text.exit     0x000000000400ddec       0x38 d:/quartus/nios2eds/bin/gnu/h-x86_64-mingw32/bin/../lib/gcc/nios2-elf/5.3.0/../../../../../H-x86_64-mingw32/nios2-elf/lib/mno-hw-mul\libc.a(lib_a-exit.o)
                0x000000000400ddec                exit
 .text          0x000000000400de24        0x0 d:/quartus/nios2eds/bin/gnu/h-x86_64-mingw32/bin/../lib/gcc/nios2-elf/5.3.0/../../../../../H-x86_64-mingw32/nios2-elf/lib/mno-hw-mul\libc.a(lib_a-memcmp.o)
 .text.memcmp   0x000000000400de24       0x7c d:/quartus/nios2eds/bin/gnu/h-x86_64-mingw32/bin/../lib/gcc/nios2-elf/5.3.0/../../../../../H-x86_64-mingw32/nios2-elf/lib/mno-hw-mul\libc.a(lib_a-memcmp.o)
                0x000000000400de24                memcmp
 .text          0x000000000400dea0        0x0 d:/quartus/nios2eds/bin/gnu/h-x86_64-mingw32/bin/../lib/gcc/nios2-elf/5.3.0/../../../../../H-x86_64-mingw32/nios2-elf/lib/mno-hw-mul\libc.a(lib_a-__atexit.o)
 .text.__register_exitproc
                0x000000000400dea0      0x118 d:/quartus/nios2eds/bin/gnu/h-x86_64-mingw32/bin/../lib/gcc/nios2-elf/5.3.0/../../../../../H-x86_64-mingw32/nios2-elf/lib/mno-hw-mul\libc.a(lib_a-__atexit.o)
                0x000000000400dea0                __register_exitproc
 .text          0x000000000400dfb8        0x0 d:/quartus/nios2eds/bin/gnu/h-x86_64-mingw32/bin/../lib/gcc/nios2-elf/5.3.0/../../../../../H-x86_64-mingw32/nios2-elf/lib/mno-hw-mul\libc.a(lib_a-__call_atexit.o)
 .text.__call_exitprocs
                0x000000000400dfb8      0x180 d:/quartus/nios2eds/bin/gnu/h-x86_64-mingw32/bin/../lib/gcc/nios2-elf/5.3.0/../../../../../H-x86_64-mingw32/nios2-elf/lib/mno-hw-mul\libc.a(lib_a-__call_atexit.o)
                0x000000000400dfb8                __call_exitprocs
 .text          0x000000000400e138       0x34 ../VGA_text_72_bsp/\libhal_bsp.a(alt_exit.o)
                0x000000000400e138                _exit
 *(.gnu.warning.*)
 *(.fini)
                [!provide]                        PROVIDE (__etext, ABSOLUTE (.))
                [!provide]                        PROVIDE (_etext, ABSOLUTE (.))
                [!provide]                        PROVIDE (etext, ABSOLUTE (.))
 *(.eh_frame_hdr)
                0x000000000400e16c                . = ALIGN (0x4)
                [!provide]                        PROVIDE (__preinit_array_start, ABSOLUTE (.))
 *(.preinit_array)
                [!provide]                        PROVIDE (__preinit_array_end, ABSOLUTE (.))
                [!provide]                        PROVIDE (__init_array_start, ABSOLUTE (.))
 *(.init_array)
                [!provide]                        PROVIDE (__init_array_end, ABSOLUTE (.))
                [!provide]                        PROVIDE (__fini_array_start, ABSOLUTE (.))
 *(.fini_array)
                [!provide]                        PROVIDE (__fini_array_end, ABSOLUTE (.))
 *(.eh_frame)
 *(.gcc_except_table .gcc_except_table.*)
 *(.dynamic)
                0x000000000400e16c                PROVIDE (__CTOR_LIST__, ABSOLUTE (.))
 *(.ctors)
 *(SORT(.ctors.*))
                0x000000000400e16c                PROVIDE (__CTOR_END__, ABSOLUTE (.))
                0x000000000400e16c                PROVIDE (__DTOR_LIST__, ABSOLUTE (.))
 *(.dtors)
 *(SORT(.dtors.*))
                0x000000000400e16c                PROVIDE (__DTOR_END__, ABSOLUTE (.))
 *(.jcr)
                0x000000000400e16c                . = ALIGN (0x4)

.rodata         0x000000000400e16c      0x350
                0x000000000400e16c                PROVIDE (__ram_rodata_start, ABSOLUTE (.))
                0x000000000400e16c                . = ALIGN (0x4)
 *(.rodata .rodata.* .gnu.linkonce.r.*)
 .rodata        0x000000000400e16c       0x2d obj/default/palette_test.o
 *fill*         0x000000000400e199        0x3 
 .rodata        0x000000000400e19c       0x23 obj/default/text_mode_vga_color.o
 *fill*         0x000000000400e1bf        0x1 
 .rodata.str1.4
                0x000000000400e1c0       0x42 d:/quartus/nios2eds/bin/gnu/h-x86_64-mingw32/bin/../lib/gcc/nios2-elf/5.3.0/../../../../../H-x86_64-mingw32/nios2-elf/lib/mno-hw-mul\libc.a(lib_a-svfprintf.o)
 .rodata.zeroes.4389
                0x000000000400e202       0x10 d:/quartus/nios2eds/bin/gnu/h-x86_64-mingw32/bin/../lib/gcc/nios2-elf/5.3.0/../../../../../H-x86_64-mingw32/nios2-elf/lib/mno-hw-mul\libc.a(lib_a-svfprintf.o)
 .rodata.blanks.4388
                0x000000000400e212       0x10 d:/quartus/nios2eds/bin/gnu/h-x86_64-mingw32/bin/../lib/gcc/nios2-elf/5.3.0/../../../../../H-x86_64-mingw32/nios2-elf/lib/mno-hw-mul\libc.a(lib_a-svfprintf.o)
 *fill*         0x000000000400e222        0x2 
 .rodata.str1.4
                0x000000000400e224       0x10 d:/quartus/nios2eds/bin/gnu/h-x86_64-mingw32/bin/../lib/gcc/nios2-elf/5.3.0/../../../../../H-x86_64-mingw32/nios2-elf/lib/mno-hw-mul\libc.a(lib_a-dtoa.o)
                                         0x12 (size before relaxing)
 .rodata.str1.4
                0x000000000400e234        0x2 d:/quartus/nios2eds/bin/gnu/h-x86_64-mingw32/bin/../lib/gcc/nios2-elf/5.3.0/../../../../../H-x86_64-mingw32/nios2-elf/lib/mno-hw-mul\libc.a(lib_a-impure.o)
 *fill*         0x000000000400e236        0x2 
 .rodata.str1.4
                0x000000000400e238        0xc d:/quartus/nios2eds/bin/gnu/h-x86_64-mingw32/bin/../lib/gcc/nios2-elf/5.3.0/../../../../../H-x86_64-mingw32/nios2-elf/lib/mno-hw-mul\libc.a(lib_a-locale.o)
                                         0x12 (size before relaxing)
 .rodata.p05.2768
                0x000000000400e244        0xc d:/quartus/nios2eds/bin/gnu/h-x86_64-mingw32/bin/../lib/gcc/nios2-elf/5.3.0/../../../../../H-x86_64-mingw32/nios2-elf/lib/mno-hw-mul\libc.a(lib_a-mprec.o)
 .rodata.__mprec_tinytens
                0x000000000400e250       0x28 d:/quartus/nios2eds/bin/gnu/h-x86_64-mingw32/bin/../lib/gcc/nios2-elf/5.3.0/../../../../../H-x86_64-mingw32/nios2-elf/lib/mno-hw-mul\libc.a(lib_a-mprec.o)
                0x000000000400e250                __mprec_tinytens
 .rodata.__mprec_bigtens
                0x000000000400e278       0x28 d:/quartus/nios2eds/bin/gnu/h-x86_64-mingw32/bin/../lib/gcc/nios2-elf/5.3.0/../../../../../H-x86_64-mingw32/nios2-elf/lib/mno-hw-mul\libc.a(lib_a-mprec.o)
                0x000000000400e278                __mprec_bigtens
 .rodata.__mprec_tens
                0x000000000400e2a0       0xc8 d:/quartus/nios2eds/bin/gnu/h-x86_64-mingw32/bin/../lib/gcc/nios2-elf/5.3.0/../../../../../H-x86_64-mingw32/nios2-elf/lib/mno-hw-mul\libc.a(lib_a-mprec.o)
                0x000000000400e2a0                __mprec_tens
 .rodata.str1.4
                0x000000000400e368       0x2f d:/quartus/nios2eds/bin/gnu/h-x86_64-mingw32/bin/../lib/gcc/nios2-elf/5.3.0/../../../../../H-x86_64-mingw32/nios2-elf/lib/mno-hw-mul\libc.a(lib_a-svfiprintf.o)
 .rodata.zeroes.4333
                0x000000000400e368       0x10 d:/quartus/nios2eds/bin/gnu/h-x86_64-mingw32/bin/../lib/gcc/nios2-elf/5.3.0/../../../../../H-x86_64-mingw32/nios2-elf/lib/mno-hw-mul\libc.a(lib_a-svfiprintf.o)
 .rodata.blanks.4332
                0x000000000400e378       0x10 d:/quartus/nios2eds/bin/gnu/h-x86_64-mingw32/bin/../lib/gcc/nios2-elf/5.3.0/../../../../../H-x86_64-mingw32/nios2-elf/lib/mno-hw-mul\libc.a(lib_a-svfiprintf.o)
 .rodata        0x000000000400e388      0x100 d:/quartus/nios2eds/bin/gnu/h-x86_64-mingw32/bin/../lib/gcc/nios2-elf/5.3.0/mno-hw-mul\libgcc.a(_clz.o)
                0x000000000400e388                __clz_tab
 .rodata        0x000000000400e488       0x11 ../VGA_text_72_bsp/\libhal_bsp.a(alt_main.o)
 *fill*         0x000000000400e499        0x3 
 .rodata        0x000000000400e49c       0x11 ../VGA_text_72_bsp/\libhal_bsp.a(alt_sys_init.o)
 *fill*         0x000000000400e4ad        0x3 
 .rodata        0x000000000400e4b0        0xa ../VGA_text_72_bsp/\libhal_bsp.a(alt_dev.o)
 *(.rodata1)
                0x000000000400e4bc                . = ALIGN (0x4)
 *fill*         0x000000000400e4ba        0x2 
                0x000000000400e4bc                PROVIDE (__ram_rodata_end, ABSOLUTE (.))
                0x000000000400e16c                PROVIDE (__flash_rodata_start, LOADADDR (.rodata))

.rwdata         0x000000000400e4bc     0x1dd0 load address 0x000000000401028c
                0x000000000400e4bc                PROVIDE (__ram_rwdata_start, ABSOLUTE (.))
                0x000000000400e4bc                . = ALIGN (0x4)
 *(.got.plt)
 *(.got)
 *(.data1)
 *(.data .data.* .gnu.linkonce.d.*)
 .data          0x000000000400e4bc        0x0 ../VGA_text_72_bsp//obj/HAL/src/crt0.o
 .data          0x000000000400e4bc        0x0 obj/default/main.o
 .data          0x000000000400e4bc      0x170 obj/default/palette_test.o
 .data          0x000000000400e62c      0x170 obj/default/text_mode_vga_color.o
 .data          0x000000000400e79c        0x0 d:/quartus/nios2eds/bin/gnu/h-x86_64-mingw32/bin/../lib/gcc/nios2-elf/5.3.0/mno-hw-mul\libgcc.a(lib2-divmod.o)
 .data          0x000000000400e79c        0x0 d:/quartus/nios2eds/bin/gnu/h-x86_64-mingw32/bin/../lib/gcc/nios2-elf/5.3.0/mno-hw-mul\libgcc.a(lib2-mul.o)
 .data          0x000000000400e79c        0x0 d:/quartus/nios2eds/bin/gnu/h-x86_64-mingw32/bin/../lib/gcc/nios2-elf/5.3.0/../../../../../H-x86_64-mingw32/nios2-elf/lib/mno-hw-mul\libc.a(lib_a-rand.o)
 .data          0x000000000400e79c        0x0 d:/quartus/nios2eds/bin/gnu/h-x86_64-mingw32/bin/../lib/gcc/nios2-elf/5.3.0/../../../../../H-x86_64-mingw32/nios2-elf/lib/mno-hw-mul\libc.a(lib_a-sprintf.o)
 .data          0x000000000400e79c        0x0 d:/quartus/nios2eds/bin/gnu/h-x86_64-mingw32/bin/../lib/gcc/nios2-elf/5.3.0/../../../../../H-x86_64-mingw32/nios2-elf/lib/mno-hw-mul\libc.a(lib_a-strlen.o)
 .data          0x000000000400e79c        0x0 d:/quartus/nios2eds/bin/gnu/h-x86_64-mingw32/bin/../lib/gcc/nios2-elf/5.3.0/../../../../../H-x86_64-mingw32/nios2-elf/lib/mno-hw-mul\libc.a(lib_a-svfprintf.o)
 .data          0x000000000400e79c        0x0 d:/quartus/nios2eds/bin/gnu/h-x86_64-mingw32/bin/../lib/gcc/nios2-elf/5.3.0/../../../../../H-x86_64-mingw32/nios2-elf/lib/mno-hw-mul\libc.a(lib_a-dtoa.o)
 .data          0x000000000400e79c        0x0 d:/quartus/nios2eds/bin/gnu/h-x86_64-mingw32/bin/../lib/gcc/nios2-elf/5.3.0/../../../../../H-x86_64-mingw32/nios2-elf/lib/mno-hw-mul\libc.a(lib_a-impure.o)
 .data.impure_data
                0x000000000400e79c      0x424 d:/quartus/nios2eds/bin/gnu/h-x86_64-mingw32/bin/../lib/gcc/nios2-elf/5.3.0/../../../../../H-x86_64-mingw32/nios2-elf/lib/mno-hw-mul\libc.a(lib_a-impure.o)
 .data          0x000000000400ebc0        0x0 d:/quartus/nios2eds/bin/gnu/h-x86_64-mingw32/bin/../lib/gcc/nios2-elf/5.3.0/../../../../../H-x86_64-mingw32/nios2-elf/lib/mno-hw-mul\libc.a(lib_a-locale.o)
 .data.lc_message_charset
                0x000000000400ebc0       0x20 d:/quartus/nios2eds/bin/gnu/h-x86_64-mingw32/bin/../lib/gcc/nios2-elf/5.3.0/../../../../../H-x86_64-mingw32/nios2-elf/lib/mno-hw-mul\libc.a(lib_a-locale.o)
 .data.lc_ctype_charset
                0x000000000400ebe0       0x20 d:/quartus/nios2eds/bin/gnu/h-x86_64-mingw32/bin/../lib/gcc/nios2-elf/5.3.0/../../../../../H-x86_64-mingw32/nios2-elf/lib/mno-hw-mul\libc.a(lib_a-locale.o)
 .data.lconv    0x000000000400ec00       0x38 d:/quartus/nios2eds/bin/gnu/h-x86_64-mingw32/bin/../lib/gcc/nios2-elf/5.3.0/../../../../../H-x86_64-mingw32/nios2-elf/lib/mno-hw-mul\libc.a(lib_a-locale.o)
 .data          0x000000000400ec38        0x0 d:/quartus/nios2eds/bin/gnu/h-x86_64-mingw32/bin/../lib/gcc/nios2-elf/5.3.0/../../../../../H-x86_64-mingw32/nios2-elf/lib/mno-hw-mul\libc.a(lib_a-mallocr.o)
 .data.__malloc_av_
                0x000000000400ec38      0x408 d:/quartus/nios2eds/bin/gnu/h-x86_64-mingw32/bin/../lib/gcc/nios2-elf/5.3.0/../../../../../H-x86_64-mingw32/nios2-elf/lib/mno-hw-mul\libc.a(lib_a-mallocr.o)
                0x000000000400ec38                __malloc_av_
 .data          0x000000000400f040        0x0 d:/quartus/nios2eds/bin/gnu/h-x86_64-mingw32/bin/../lib/gcc/nios2-elf/5.3.0/../../../../../H-x86_64-mingw32/nios2-elf/lib/mno-hw-mul\libc.a(lib_a-memchr.o)
 .data          0x000000000400f040        0x0 d:/quartus/nios2eds/bin/gnu/h-x86_64-mingw32/bin/../lib/gcc/nios2-elf/5.3.0/../../../../../H-x86_64-mingw32/nios2-elf/lib/mno-hw-mul\libc.a(lib_a-memcpy.o)
 .data          0x000000000400f040        0x0 d:/quartus/nios2eds/bin/gnu/h-x86_64-mingw32/bin/../lib/gcc/nios2-elf/5.3.0/../../../../../H-x86_64-mingw32/nios2-elf/lib/mno-hw-mul\libc.a(lib_a-mprec.o)
 .data          0x000000000400f040        0x0 d:/quartus/nios2eds/bin/gnu/h-x86_64-mingw32/bin/../lib/gcc/nios2-elf/5.3.0/../../../../../H-x86_64-mingw32/nios2-elf/lib/mno-hw-mul\libc.a(lib_a-s_fpclassify.o)
 .data          0x000000000400f040        0x0 d:/quartus/nios2eds/bin/gnu/h-x86_64-mingw32/bin/../lib/gcc/nios2-elf/5.3.0/../../../../../H-x86_64-mingw32/nios2-elf/lib/mno-hw-mul\libc.a(lib_a-sbrkr.o)
 .data          0x000000000400f040        0x0 d:/quartus/nios2eds/bin/gnu/h-x86_64-mingw32/bin/../lib/gcc/nios2-elf/5.3.0/../../../../../H-x86_64-mingw32/nios2-elf/lib/mno-hw-mul\libc.a(lib_a-strcmp.o)
 .data          0x000000000400f040        0x0 d:/quartus/nios2eds/bin/gnu/h-x86_64-mingw32/bin/../lib/gcc/nios2-elf/5.3.0/../../../../../H-x86_64-mingw32/nios2-elf/lib/mno-hw-mul\libc.a(lib_a-svfiprintf.o)
 .data          0x000000000400f040        0x0 d:/quartus/nios2eds/bin/gnu/h-x86_64-mingw32/bin/../lib/gcc/nios2-elf/5.3.0/../../../../../H-x86_64-mingw32/nios2-elf/lib/mno-hw-mul\libc.a(lib_a-callocr.o)
 .data          0x000000000400f040        0x0 d:/quartus/nios2eds/bin/gnu/h-x86_64-mingw32/bin/../lib/gcc/nios2-elf/5.3.0/../../../../../H-x86_64-mingw32/nios2-elf/lib/mno-hw-mul\libc.a(lib_a-freer.o)
 .data          0x000000000400f040        0x0 d:/quartus/nios2eds/bin/gnu/h-x86_64-mingw32/bin/../lib/gcc/nios2-elf/5.3.0/../../../../../H-x86_64-mingw32/nios2-elf/lib/mno-hw-mul\libc.a(lib_a-int_errno.o)
 .data          0x000000000400f040        0x0 d:/quartus/nios2eds/bin/gnu/h-x86_64-mingw32/bin/../lib/gcc/nios2-elf/5.3.0/../../../../../H-x86_64-mingw32/nios2-elf/lib/mno-hw-mul\libc.a(lib_a-memmove.o)
 .data          0x000000000400f040        0x0 d:/quartus/nios2eds/bin/gnu/h-x86_64-mingw32/bin/../lib/gcc/nios2-elf/5.3.0/../../../../../H-x86_64-mingw32/nios2-elf/lib/mno-hw-mul\libc.a(lib_a-memset.o)
 .data          0x000000000400f040        0x0 d:/quartus/nios2eds/bin/gnu/h-x86_64-mingw32/bin/../lib/gcc/nios2-elf/5.3.0/../../../../../H-x86_64-mingw32/nios2-elf/lib/mno-hw-mul\libc.a(lib_a-reallocr.o)
 .data          0x000000000400f040        0x0 d:/quartus/nios2eds/bin/gnu/h-x86_64-mingw32/bin/../lib/gcc/nios2-elf/5.3.0/mno-hw-mul\libgcc.a(_muldi3.o)
 .data          0x000000000400f040        0x0 d:/quartus/nios2eds/bin/gnu/h-x86_64-mingw32/bin/../lib/gcc/nios2-elf/5.3.0/mno-hw-mul\libgcc.a(_udivdi3.o)
 .data          0x000000000400f040        0x0 d:/quartus/nios2eds/bin/gnu/h-x86_64-mingw32/bin/../lib/gcc/nios2-elf/5.3.0/mno-hw-mul\libgcc.a(_umoddi3.o)
 .data          0x000000000400f040        0x0 d:/quartus/nios2eds/bin/gnu/h-x86_64-mingw32/bin/../lib/gcc/nios2-elf/5.3.0/mno-hw-mul\libgcc.a(adddf3.o)
 .data          0x000000000400f040        0x0 d:/quartus/nios2eds/bin/gnu/h-x86_64-mingw32/bin/../lib/gcc/nios2-elf/5.3.0/mno-hw-mul\libgcc.a(divdf3.o)
 .data          0x000000000400f040        0x0 d:/quartus/nios2eds/bin/gnu/h-x86_64-mingw32/bin/../lib/gcc/nios2-elf/5.3.0/mno-hw-mul\libgcc.a(eqdf2.o)
 .data          0x000000000400f040        0x0 d:/quartus/nios2eds/bin/gnu/h-x86_64-mingw32/bin/../lib/gcc/nios2-elf/5.3.0/mno-hw-mul\libgcc.a(gedf2.o)
 .data          0x000000000400f040        0x0 d:/quartus/nios2eds/bin/gnu/h-x86_64-mingw32/bin/../lib/gcc/nios2-elf/5.3.0/mno-hw-mul\libgcc.a(ledf2.o)
 .data          0x000000000400f040        0x0 d:/quartus/nios2eds/bin/gnu/h-x86_64-mingw32/bin/../lib/gcc/nios2-elf/5.3.0/mno-hw-mul\libgcc.a(muldf3.o)
 .data          0x000000000400f040        0x0 d:/quartus/nios2eds/bin/gnu/h-x86_64-mingw32/bin/../lib/gcc/nios2-elf/5.3.0/mno-hw-mul\libgcc.a(subdf3.o)
 .data          0x000000000400f040        0x0 d:/quartus/nios2eds/bin/gnu/h-x86_64-mingw32/bin/../lib/gcc/nios2-elf/5.3.0/mno-hw-mul\libgcc.a(fixdfsi.o)
 .data          0x000000000400f040        0x0 d:/quartus/nios2eds/bin/gnu/h-x86_64-mingw32/bin/../lib/gcc/nios2-elf/5.3.0/mno-hw-mul\libgcc.a(floatsidf.o)
 .data          0x000000000400f040        0x0 d:/quartus/nios2eds/bin/gnu/h-x86_64-mingw32/bin/../lib/gcc/nios2-elf/5.3.0/mno-hw-mul\libgcc.a(floatunsidf.o)
 .data          0x000000000400f040        0x0 d:/quartus/nios2eds/bin/gnu/h-x86_64-mingw32/bin/../lib/gcc/nios2-elf/5.3.0/mno-hw-mul\libgcc.a(_clz.o)
 .data          0x000000000400f040        0x0 d:/quartus/nios2eds/bin/gnu/h-x86_64-mingw32/bin/../lib/gcc/nios2-elf/5.3.0/mno-hw-mul\libgcc.a(_clzsi2.o)
 .data          0x000000000400f040        0x0 ../VGA_text_72_bsp/\libhal_bsp.a(alt_load.o)
 .data          0x000000000400f040        0x0 ../VGA_text_72_bsp/\libhal_bsp.a(alt_main.o)
 .data          0x000000000400f040        0x0 ../VGA_text_72_bsp/\libhal_bsp.a(alt_malloc_lock.o)
 .data          0x000000000400f040        0x0 ../VGA_text_72_bsp/\libhal_bsp.a(alt_sbrk.o)
 .data          0x000000000400f040        0x0 ../VGA_text_72_bsp/\libhal_bsp.a(alt_usleep.o)
 .data          0x000000000400f040     0x1060 ../VGA_text_72_bsp/\libhal_bsp.a(alt_sys_init.o)
 .data          0x00000000040100a0        0x0 ../VGA_text_72_bsp/\libhal_bsp.a(altera_avalon_jtag_uart_fd.o)
 .data          0x00000000040100a0        0x0 ../VGA_text_72_bsp/\libhal_bsp.a(altera_avalon_jtag_uart_init.o)
 .data          0x00000000040100a0        0x0 ../VGA_text_72_bsp/\libhal_bsp.a(altera_avalon_jtag_uart_ioctl.o)
 .data          0x00000000040100a0        0x0 ../VGA_text_72_bsp/\libhal_bsp.a(altera_avalon_jtag_uart_read.o)
 .data          0x00000000040100a0        0x0 ../VGA_text_72_bsp/\libhal_bsp.a(altera_avalon_jtag_uart_write.o)
 .data          0x00000000040100a0        0x0 ../VGA_text_72_bsp/\libhal_bsp.a(altera_avalon_timer_sc.o)
 .data          0x00000000040100a0        0x0 ../VGA_text_72_bsp/\libhal_bsp.a(alt_alarm_start.o)
 .data          0x00000000040100a0        0x0 ../VGA_text_72_bsp/\libhal_bsp.a(alt_busy_sleep.o)
 .data          0x00000000040100a0        0x0 ../VGA_text_72_bsp/\libhal_bsp.a(alt_close.o)
 .data          0x00000000040100a0        0x0 ../VGA_text_72_bsp/\libhal_bsp.a(alt_dcache_flush_all.o)
 .data          0x00000000040100a0      0x1a8 ../VGA_text_72_bsp/\libhal_bsp.a(alt_dev.o)
                0x00000000040100a0                alt_dev_null
                0x00000000040100c8                alt_fd_list
 .data          0x0000000004010248        0x0 ../VGA_text_72_bsp/\libhal_bsp.a(alt_dev_llist_insert.o)
 .data          0x0000000004010248        0x0 ../VGA_text_72_bsp/\libhal_bsp.a(alt_do_ctors.o)
 .data          0x0000000004010248        0x0 ../VGA_text_72_bsp/\libhal_bsp.a(alt_do_dtors.o)
 .data          0x0000000004010248        0x0 ../VGA_text_72_bsp/\libhal_bsp.a(alt_errno.o)
 .data          0x0000000004010248        0x0 ../VGA_text_72_bsp/\libhal_bsp.a(alt_icache_flush_all.o)
 .data          0x0000000004010248        0x0 ../VGA_text_72_bsp/\libhal_bsp.a(alt_iic.o)
 .data          0x0000000004010248        0x0 ../VGA_text_72_bsp/\libhal_bsp.a(alt_iic_isr_register.o)
 .data          0x0000000004010248        0x0 ../VGA_text_72_bsp/\libhal_bsp.a(alt_io_redirect.o)
 .data          0x0000000004010248        0x0 ../VGA_text_72_bsp/\libhal_bsp.a(alt_irq_entry.o)
 .data          0x0000000004010248        0x0 ../VGA_text_72_bsp/\libhal_bsp.a(alt_irq_handler.o)
 .data          0x0000000004010248        0x0 ../VGA_text_72_bsp/\libhal_bsp.a(alt_irq_vars.o)
 .data          0x0000000004010248        0x0 ../VGA_text_72_bsp/\libhal_bsp.a(alt_open.o)
 .data          0x0000000004010248        0x0 ../VGA_text_72_bsp/\libhal_bsp.a(alt_release_fd.o)
 .data          0x0000000004010248        0x0 ../VGA_text_72_bsp/\libhal_bsp.a(alt_tick.o)
 .data          0x0000000004010248        0x0 ../VGA_text_72_bsp/\libhal_bsp.a(altera_nios2_gen2_irq.o)
 .data          0x0000000004010248        0x0 ../VGA_text_72_bsp/\libhal_bsp.a(alt_exception_entry.o)
 .data          0x0000000004010248        0x0 ../VGA_text_72_bsp/\libhal_bsp.a(alt_find_dev.o)
 .data          0x0000000004010248        0x0 ../VGA_text_72_bsp/\libhal_bsp.a(alt_find_file.o)
 .data          0x0000000004010248        0x0 ../VGA_text_72_bsp/\libhal_bsp.a(alt_get_fd.o)
 .data          0x0000000004010248        0x0 ../VGA_text_72_bsp/\libhal_bsp.a(alt_instruction_exception_entry.o)
 .data          0x0000000004010248        0x0 d:/quartus/nios2eds/bin/gnu/h-x86_64-mingw32/bin/../lib/gcc/nios2-elf/5.3.0/../../../../../H-x86_64-mingw32/nios2-elf/lib/mno-hw-mul\libc.a(lib_a-atexit.o)
 .data          0x0000000004010248        0x0 d:/quartus/nios2eds/bin/gnu/h-x86_64-mingw32/bin/../lib/gcc/nios2-elf/5.3.0/../../../../../H-x86_64-mingw32/nios2-elf/lib/mno-hw-mul\libc.a(lib_a-exit.o)
 .data          0x0000000004010248        0x0 d:/quartus/nios2eds/bin/gnu/h-x86_64-mingw32/bin/../lib/gcc/nios2-elf/5.3.0/../../../../../H-x86_64-mingw32/nios2-elf/lib/mno-hw-mul\libc.a(lib_a-memcmp.o)
 .data          0x0000000004010248        0x0 d:/quartus/nios2eds/bin/gnu/h-x86_64-mingw32/bin/../lib/gcc/nios2-elf/5.3.0/../../../../../H-x86_64-mingw32/nios2-elf/lib/mno-hw-mul\libc.a(lib_a-__atexit.o)
 .data          0x0000000004010248        0x0 d:/quartus/nios2eds/bin/gnu/h-x86_64-mingw32/bin/../lib/gcc/nios2-elf/5.3.0/../../../../../H-x86_64-mingw32/nios2-elf/lib/mno-hw-mul\libc.a(lib_a-__call_atexit.o)
 .data          0x0000000004010248        0x0 ../VGA_text_72_bsp/\libhal_bsp.a(alt_exit.o)
                0x0000000004018248                _gp = ABSOLUTE ((. + 0x8000))
                [!provide]                        PROVIDE (gp, _gp)
 *(.rwdata .rwdata.*)
 *(.sdata .sdata.* .gnu.linkonce.s.*)
 .sdata         0x0000000004010248        0x4 obj/default/palette_test.o
 .sdata         0x000000000401024c        0x4 obj/default/text_mode_vga_color.o
 .sdata._global_impure_ptr
                0x0000000004010250        0x4 d:/quartus/nios2eds/bin/gnu/h-x86_64-mingw32/bin/../lib/gcc/nios2-elf/5.3.0/../../../../../H-x86_64-mingw32/nios2-elf/lib/mno-hw-mul\libc.a(lib_a-impure.o)
                0x0000000004010250                _global_impure_ptr
 .sdata._impure_ptr
                0x0000000004010254        0x4 d:/quartus/nios2eds/bin/gnu/h-x86_64-mingw32/bin/../lib/gcc/nios2-elf/5.3.0/../../../../../H-x86_64-mingw32/nios2-elf/lib/mno-hw-mul\libc.a(lib_a-impure.o)
                0x0000000004010254                _impure_ptr
 .sdata.__mb_cur_max
                0x0000000004010258        0x4 d:/quartus/nios2eds/bin/gnu/h-x86_64-mingw32/bin/../lib/gcc/nios2-elf/5.3.0/../../../../../H-x86_64-mingw32/nios2-elf/lib/mno-hw-mul\libc.a(lib_a-locale.o)
                0x0000000004010258                __mb_cur_max
 .sdata.__malloc_sbrk_base
                0x000000000401025c        0x4 d:/quartus/nios2eds/bin/gnu/h-x86_64-mingw32/bin/../lib/gcc/nios2-elf/5.3.0/../../../../../H-x86_64-mingw32/nios2-elf/lib/mno-hw-mul\libc.a(lib_a-mallocr.o)
                0x000000000401025c                __malloc_sbrk_base
 .sdata.__malloc_trim_threshold
                0x0000000004010260        0x4 d:/quartus/nios2eds/bin/gnu/h-x86_64-mingw32/bin/../lib/gcc/nios2-elf/5.3.0/../../../../../H-x86_64-mingw32/nios2-elf/lib/mno-hw-mul\libc.a(lib_a-mallocr.o)
                0x0000000004010260                __malloc_trim_threshold
 .sdata         0x0000000004010264        0x4 ../VGA_text_72_bsp/\libhal_bsp.a(alt_sbrk.o)
 .sdata         0x0000000004010268       0x14 ../VGA_text_72_bsp/\libhal_bsp.a(alt_dev.o)
                0x0000000004010268                alt_fs_list
                0x0000000004010270                alt_dev_list
                0x0000000004010278                alt_max_fd
 .sdata         0x000000000401027c        0x4 ../VGA_text_72_bsp/\libhal_bsp.a(alt_errno.o)
                0x000000000401027c                alt_errno
 .sdata         0x0000000004010280        0x4 ../VGA_text_72_bsp/\libhal_bsp.a(alt_irq_vars.o)
                0x0000000004010280                alt_priority_mask
 .sdata         0x0000000004010284        0x8 ../VGA_text_72_bsp/\libhal_bsp.a(alt_tick.o)
                0x0000000004010284                alt_alarm_list
 *(.sdata2 .sdata2.* .gnu.linkonce.s2.*)
                0x000000000401028c                . = ALIGN (0x4)
                0x000000000401028c                _edata = ABSOLUTE (.)
                [!provide]                        PROVIDE (edata, ABSOLUTE (.))
                0x000000000401028c                PROVIDE (__ram_rwdata_end, ABSOLUTE (.))
                0x000000000401028c                PROVIDE (__flash_rwdata_start, LOADADDR (.rwdata))

.bss            0x000000000401205c      0x160
                0x000000000401205c                __bss_start = ABSOLUTE (.)
                [!provide]                        PROVIDE (__sbss_start, ABSOLUTE (.))
                [!provide]                        PROVIDE (___sbss_start, ABSOLUTE (.))
 *(.dynsbss)
 *(.sbss .sbss.* .gnu.linkonce.sb.*)
 .sbss._PathLocale
                0x000000000401205c        0x4 d:/quartus/nios2eds/bin/gnu/h-x86_64-mingw32/bin/../lib/gcc/nios2-elf/5.3.0/../../../../../H-x86_64-mingw32/nios2-elf/lib/mno-hw-mul\libc.a(lib_a-locale.o)
                0x000000000401205c                _PathLocale
 .sbss.__mlocale_changed
                0x0000000004012060        0x4 d:/quartus/nios2eds/bin/gnu/h-x86_64-mingw32/bin/../lib/gcc/nios2-elf/5.3.0/../../../../../H-x86_64-mingw32/nios2-elf/lib/mno-hw-mul\libc.a(lib_a-locale.o)
                0x0000000004012060                __mlocale_changed
 .sbss.__nlocale_changed
                0x0000000004012064        0x4 d:/quartus/nios2eds/bin/gnu/h-x86_64-mingw32/bin/../lib/gcc/nios2-elf/5.3.0/../../../../../H-x86_64-mingw32/nios2-elf/lib/mno-hw-mul\libc.a(lib_a-locale.o)
                0x0000000004012064                __nlocale_changed
 .sbss.__malloc_max_total_mem
                0x0000000004012068        0x4 d:/quartus/nios2eds/bin/gnu/h-x86_64-mingw32/bin/../lib/gcc/nios2-elf/5.3.0/../../../../../H-x86_64-mingw32/nios2-elf/lib/mno-hw-mul\libc.a(lib_a-mallocr.o)
                0x0000000004012068                __malloc_max_total_mem
 .sbss.__malloc_max_sbrked_mem
                0x000000000401206c        0x4 d:/quartus/nios2eds/bin/gnu/h-x86_64-mingw32/bin/../lib/gcc/nios2-elf/5.3.0/../../../../../H-x86_64-mingw32/nios2-elf/lib/mno-hw-mul\libc.a(lib_a-mallocr.o)
                0x000000000401206c                __malloc_max_sbrked_mem
 .sbss.__malloc_top_pad
                0x0000000004012070        0x4 d:/quartus/nios2eds/bin/gnu/h-x86_64-mingw32/bin/../lib/gcc/nios2-elf/5.3.0/../../../../../H-x86_64-mingw32/nios2-elf/lib/mno-hw-mul\libc.a(lib_a-mallocr.o)
                0x0000000004012070                __malloc_top_pad
 .sbss          0x0000000004012074        0x4 d:/quartus/nios2eds/bin/gnu/h-x86_64-mingw32/bin/../lib/gcc/nios2-elf/5.3.0/../../../../../H-x86_64-mingw32/nios2-elf/lib/mno-hw-mul\libc.a(lib_a-int_errno.o)
                0x0000000004012074                errno
 .sbss          0x0000000004012078        0xc ../VGA_text_72_bsp/\libhal_bsp.a(alt_main.o)
                0x0000000004012078                alt_argc
                0x000000000401207c                alt_argv
                0x0000000004012080                alt_envp
 .sbss          0x0000000004012084        0x4 ../VGA_text_72_bsp/\libhal_bsp.a(alt_irq_vars.o)
                0x0000000004012084                alt_irq_active
 .sbss          0x0000000004012088        0x8 ../VGA_text_72_bsp/\libhal_bsp.a(alt_tick.o)
                0x0000000004012088                _alt_tick_rate
                0x000000000401208c                _alt_nticks
 .sbss          0x0000000004012090        0x4 ../VGA_text_72_bsp/\libhal_bsp.a(alt_instruction_exception_entry.o)
                0x0000000004012090                alt_instruction_exception_handler
 *(.sbss2 .sbss2.* .gnu.linkonce.sb2.*)
 *(.scommon)
                [!provide]                        PROVIDE (__sbss_end, ABSOLUTE (.))
                [!provide]                        PROVIDE (___sbss_end, ABSOLUTE (.))
 *(.dynbss)
 *(.bss .bss.* .gnu.linkonce.b.*)
 .bss           0x0000000004012094        0x0 ../VGA_text_72_bsp//obj/HAL/src/crt0.o
 .bss           0x0000000004012094        0x0 obj/default/main.o
 .bss           0x0000000004012094        0x0 obj/default/palette_test.o
 .bss           0x0000000004012094        0x0 obj/default/text_mode_vga_color.o
 .bss           0x0000000004012094        0x0 d:/quartus/nios2eds/bin/gnu/h-x86_64-mingw32/bin/../lib/gcc/nios2-elf/5.3.0/mno-hw-mul\libgcc.a(lib2-divmod.o)
 .bss           0x0000000004012094        0x0 d:/quartus/nios2eds/bin/gnu/h-x86_64-mingw32/bin/../lib/gcc/nios2-elf/5.3.0/mno-hw-mul\libgcc.a(lib2-mul.o)
 .bss           0x0000000004012094        0x0 d:/quartus/nios2eds/bin/gnu/h-x86_64-mingw32/bin/../lib/gcc/nios2-elf/5.3.0/../../../../../H-x86_64-mingw32/nios2-elf/lib/mno-hw-mul\libc.a(lib_a-rand.o)
 .bss           0x0000000004012094        0x0 d:/quartus/nios2eds/bin/gnu/h-x86_64-mingw32/bin/../lib/gcc/nios2-elf/5.3.0/../../../../../H-x86_64-mingw32/nios2-elf/lib/mno-hw-mul\libc.a(lib_a-sprintf.o)
 .bss           0x0000000004012094        0x0 d:/quartus/nios2eds/bin/gnu/h-x86_64-mingw32/bin/../lib/gcc/nios2-elf/5.3.0/../../../../../H-x86_64-mingw32/nios2-elf/lib/mno-hw-mul\libc.a(lib_a-strlen.o)
 .bss           0x0000000004012094        0x0 d:/quartus/nios2eds/bin/gnu/h-x86_64-mingw32/bin/../lib/gcc/nios2-elf/5.3.0/../../../../../H-x86_64-mingw32/nios2-elf/lib/mno-hw-mul\libc.a(lib_a-svfprintf.o)
 .bss           0x0000000004012094        0x0 d:/quartus/nios2eds/bin/gnu/h-x86_64-mingw32/bin/../lib/gcc/nios2-elf/5.3.0/../../../../../H-x86_64-mingw32/nios2-elf/lib/mno-hw-mul\libc.a(lib_a-dtoa.o)
 .bss           0x0000000004012094        0x0 d:/quartus/nios2eds/bin/gnu/h-x86_64-mingw32/bin/../lib/gcc/nios2-elf/5.3.0/../../../../../H-x86_64-mingw32/nios2-elf/lib/mno-hw-mul\libc.a(lib_a-impure.o)
 .bss           0x0000000004012094        0x0 d:/quartus/nios2eds/bin/gnu/h-x86_64-mingw32/bin/../lib/gcc/nios2-elf/5.3.0/../../../../../H-x86_64-mingw32/nios2-elf/lib/mno-hw-mul\libc.a(lib_a-locale.o)
 .bss           0x0000000004012094        0x0 d:/quartus/nios2eds/bin/gnu/h-x86_64-mingw32/bin/../lib/gcc/nios2-elf/5.3.0/../../../../../H-x86_64-mingw32/nios2-elf/lib/mno-hw-mul\libc.a(lib_a-mallocr.o)
 .bss.__malloc_current_mallinfo
                0x0000000004012094       0x28 d:/quartus/nios2eds/bin/gnu/h-x86_64-mingw32/bin/../lib/gcc/nios2-elf/5.3.0/../../../../../H-x86_64-mingw32/nios2-elf/lib/mno-hw-mul\libc.a(lib_a-mallocr.o)
                0x0000000004012094                __malloc_current_mallinfo
 .bss           0x00000000040120bc        0x0 d:/quartus/nios2eds/bin/gnu/h-x86_64-mingw32/bin/../lib/gcc/nios2-elf/5.3.0/../../../../../H-x86_64-mingw32/nios2-elf/lib/mno-hw-mul\libc.a(lib_a-memchr.o)
 .bss           0x00000000040120bc        0x0 d:/quartus/nios2eds/bin/gnu/h-x86_64-mingw32/bin/../lib/gcc/nios2-elf/5.3.0/../../../../../H-x86_64-mingw32/nios2-elf/lib/mno-hw-mul\libc.a(lib_a-memcpy.o)
 .bss           0x00000000040120bc        0x0 d:/quartus/nios2eds/bin/gnu/h-x86_64-mingw32/bin/../lib/gcc/nios2-elf/5.3.0/../../../../../H-x86_64-mingw32/nios2-elf/lib/mno-hw-mul\libc.a(lib_a-mprec.o)
 .bss           0x00000000040120bc        0x0 d:/quartus/nios2eds/bin/gnu/h-x86_64-mingw32/bin/../lib/gcc/nios2-elf/5.3.0/../../../../../H-x86_64-mingw32/nios2-elf/lib/mno-hw-mul\libc.a(lib_a-s_fpclassify.o)
 .bss           0x00000000040120bc        0x0 d:/quartus/nios2eds/bin/gnu/h-x86_64-mingw32/bin/../lib/gcc/nios2-elf/5.3.0/../../../../../H-x86_64-mingw32/nios2-elf/lib/mno-hw-mul\libc.a(lib_a-sbrkr.o)
 .bss           0x00000000040120bc        0x0 d:/quartus/nios2eds/bin/gnu/h-x86_64-mingw32/bin/../lib/gcc/nios2-elf/5.3.0/../../../../../H-x86_64-mingw32/nios2-elf/lib/mno-hw-mul\libc.a(lib_a-strcmp.o)
 .bss           0x00000000040120bc        0x0 d:/quartus/nios2eds/bin/gnu/h-x86_64-mingw32/bin/../lib/gcc/nios2-elf/5.3.0/../../../../../H-x86_64-mingw32/nios2-elf/lib/mno-hw-mul\libc.a(lib_a-svfiprintf.o)
 .bss           0x00000000040120bc        0x0 d:/quartus/nios2eds/bin/gnu/h-x86_64-mingw32/bin/../lib/gcc/nios2-elf/5.3.0/../../../../../H-x86_64-mingw32/nios2-elf/lib/mno-hw-mul\libc.a(lib_a-callocr.o)
 .bss           0x00000000040120bc        0x0 d:/quartus/nios2eds/bin/gnu/h-x86_64-mingw32/bin/../lib/gcc/nios2-elf/5.3.0/../../../../../H-x86_64-mingw32/nios2-elf/lib/mno-hw-mul\libc.a(lib_a-freer.o)
 .bss           0x00000000040120bc        0x0 d:/quartus/nios2eds/bin/gnu/h-x86_64-mingw32/bin/../lib/gcc/nios2-elf/5.3.0/../../../../../H-x86_64-mingw32/nios2-elf/lib/mno-hw-mul\libc.a(lib_a-int_errno.o)
 .bss           0x00000000040120bc        0x0 d:/quartus/nios2eds/bin/gnu/h-x86_64-mingw32/bin/../lib/gcc/nios2-elf/5.3.0/../../../../../H-x86_64-mingw32/nios2-elf/lib/mno-hw-mul\libc.a(lib_a-memmove.o)
 .bss           0x00000000040120bc        0x0 d:/quartus/nios2eds/bin/gnu/h-x86_64-mingw32/bin/../lib/gcc/nios2-elf/5.3.0/../../../../../H-x86_64-mingw32/nios2-elf/lib/mno-hw-mul\libc.a(lib_a-memset.o)
 .bss           0x00000000040120bc        0x0 d:/quartus/nios2eds/bin/gnu/h-x86_64-mingw32/bin/../lib/gcc/nios2-elf/5.3.0/../../../../../H-x86_64-mingw32/nios2-elf/lib/mno-hw-mul\libc.a(lib_a-reallocr.o)
 .bss           0x00000000040120bc        0x0 d:/quartus/nios2eds/bin/gnu/h-x86_64-mingw32/bin/../lib/gcc/nios2-elf/5.3.0/mno-hw-mul\libgcc.a(_muldi3.o)
 .bss           0x00000000040120bc        0x0 d:/quartus/nios2eds/bin/gnu/h-x86_64-mingw32/bin/../lib/gcc/nios2-elf/5.3.0/mno-hw-mul\libgcc.a(_udivdi3.o)
 .bss           0x00000000040120bc        0x0 d:/quartus/nios2eds/bin/gnu/h-x86_64-mingw32/bin/../lib/gcc/nios2-elf/5.3.0/mno-hw-mul\libgcc.a(_umoddi3.o)
 .bss           0x00000000040120bc        0x0 d:/quartus/nios2eds/bin/gnu/h-x86_64-mingw32/bin/../lib/gcc/nios2-elf/5.3.0/mno-hw-mul\libgcc.a(adddf3.o)
 .bss           0x00000000040120bc        0x0 d:/quartus/nios2eds/bin/gnu/h-x86_64-mingw32/bin/../lib/gcc/nios2-elf/5.3.0/mno-hw-mul\libgcc.a(divdf3.o)
 .bss           0x00000000040120bc        0x0 d:/quartus/nios2eds/bin/gnu/h-x86_64-mingw32/bin/../lib/gcc/nios2-elf/5.3.0/mno-hw-mul\libgcc.a(eqdf2.o)
 .bss           0x00000000040120bc        0x0 d:/quartus/nios2eds/bin/gnu/h-x86_64-mingw32/bin/../lib/gcc/nios2-elf/5.3.0/mno-hw-mul\libgcc.a(gedf2.o)
 .bss           0x00000000040120bc        0x0 d:/quartus/nios2eds/bin/gnu/h-x86_64-mingw32/bin/../lib/gcc/nios2-elf/5.3.0/mno-hw-mul\libgcc.a(ledf2.o)
 .bss           0x00000000040120bc        0x0 d:/quartus/nios2eds/bin/gnu/h-x86_64-mingw32/bin/../lib/gcc/nios2-elf/5.3.0/mno-hw-mul\libgcc.a(muldf3.o)
 .bss           0x00000000040120bc        0x0 d:/quartus/nios2eds/bin/gnu/h-x86_64-mingw32/bin/../lib/gcc/nios2-elf/5.3.0/mno-hw-mul\libgcc.a(subdf3.o)
 .bss           0x00000000040120bc        0x0 d:/quartus/nios2eds/bin/gnu/h-x86_64-mingw32/bin/../lib/gcc/nios2-elf/5.3.0/mno-hw-mul\libgcc.a(fixdfsi.o)
 .bss           0x00000000040120bc        0x0 d:/quartus/nios2eds/bin/gnu/h-x86_64-mingw32/bin/../lib/gcc/nios2-elf/5.3.0/mno-hw-mul\libgcc.a(floatsidf.o)
 .bss           0x00000000040120bc        0x0 d:/quartus/nios2eds/bin/gnu/h-x86_64-mingw32/bin/../lib/gcc/nios2-elf/5.3.0/mno-hw-mul\libgcc.a(floatunsidf.o)
 .bss           0x00000000040120bc        0x0 d:/quartus/nios2eds/bin/gnu/h-x86_64-mingw32/bin/../lib/gcc/nios2-elf/5.3.0/mno-hw-mul\libgcc.a(_clz.o)
 .bss           0x00000000040120bc        0x0 d:/quartus/nios2eds/bin/gnu/h-x86_64-mingw32/bin/../lib/gcc/nios2-elf/5.3.0/mno-hw-mul\libgcc.a(_clzsi2.o)
 .bss           0x00000000040120bc        0x0 ../VGA_text_72_bsp/\libhal_bsp.a(alt_load.o)
 .bss           0x00000000040120bc        0x0 ../VGA_text_72_bsp/\libhal_bsp.a(alt_main.o)
 .bss           0x00000000040120bc        0x0 ../VGA_text_72_bsp/\libhal_bsp.a(alt_malloc_lock.o)
 .bss           0x00000000040120bc        0x0 ../VGA_text_72_bsp/\libhal_bsp.a(alt_sbrk.o)
 .bss           0x00000000040120bc        0x0 ../VGA_text_72_bsp/\libhal_bsp.a(alt_usleep.o)
 .bss           0x00000000040120bc        0x0 ../VGA_text_72_bsp/\libhal_bsp.a(alt_sys_init.o)
 .bss           0x00000000040120bc        0x0 ../VGA_text_72_bsp/\libhal_bsp.a(altera_avalon_jtag_uart_fd.o)
 .bss           0x00000000040120bc        0x0 ../VGA_text_72_bsp/\libhal_bsp.a(altera_avalon_jtag_uart_init.o)
 .bss           0x00000000040120bc        0x0 ../VGA_text_72_bsp/\libhal_bsp.a(altera_avalon_jtag_uart_ioctl.o)
 .bss           0x00000000040120bc        0x0 ../VGA_text_72_bsp/\libhal_bsp.a(altera_avalon_jtag_uart_read.o)
 .bss           0x00000000040120bc        0x0 ../VGA_text_72_bsp/\libhal_bsp.a(altera_avalon_jtag_uart_write.o)
 .bss           0x00000000040120bc        0x0 ../VGA_text_72_bsp/\libhal_bsp.a(altera_avalon_timer_sc.o)
 .bss           0x00000000040120bc        0x0 ../VGA_text_72_bsp/\libhal_bsp.a(alt_alarm_start.o)
 .bss           0x00000000040120bc        0x0 ../VGA_text_72_bsp/\libhal_bsp.a(alt_busy_sleep.o)
 .bss           0x00000000040120bc        0x0 ../VGA_text_72_bsp/\libhal_bsp.a(alt_close.o)
 .bss           0x00000000040120bc        0x0 ../VGA_text_72_bsp/\libhal_bsp.a(alt_dcache_flush_all.o)
 .bss           0x00000000040120bc        0x0 ../VGA_text_72_bsp/\libhal_bsp.a(alt_dev.o)
 .bss           0x00000000040120bc        0x0 ../VGA_text_72_bsp/\libhal_bsp.a(alt_dev_llist_insert.o)
 .bss           0x00000000040120bc        0x0 ../VGA_text_72_bsp/\libhal_bsp.a(alt_do_ctors.o)
 .bss           0x00000000040120bc        0x0 ../VGA_text_72_bsp/\libhal_bsp.a(alt_do_dtors.o)
 .bss           0x00000000040120bc        0x0 ../VGA_text_72_bsp/\libhal_bsp.a(alt_errno.o)
 .bss           0x00000000040120bc        0x0 ../VGA_text_72_bsp/\libhal_bsp.a(alt_icache_flush_all.o)
 .bss           0x00000000040120bc        0x0 ../VGA_text_72_bsp/\libhal_bsp.a(alt_iic.o)
 .bss           0x00000000040120bc        0x0 ../VGA_text_72_bsp/\libhal_bsp.a(alt_iic_isr_register.o)
 .bss           0x00000000040120bc        0x0 ../VGA_text_72_bsp/\libhal_bsp.a(alt_io_redirect.o)
 .bss           0x00000000040120bc        0x0 ../VGA_text_72_bsp/\libhal_bsp.a(alt_irq_entry.o)
 .bss           0x00000000040120bc        0x0 ../VGA_text_72_bsp/\libhal_bsp.a(alt_irq_handler.o)
 .bss           0x00000000040120bc        0x0 ../VGA_text_72_bsp/\libhal_bsp.a(alt_irq_vars.o)
 .bss           0x00000000040120bc        0x0 ../VGA_text_72_bsp/\libhal_bsp.a(alt_open.o)
 .bss           0x00000000040120bc        0x0 ../VGA_text_72_bsp/\libhal_bsp.a(alt_release_fd.o)
 .bss           0x00000000040120bc        0x0 ../VGA_text_72_bsp/\libhal_bsp.a(alt_tick.o)
 .bss           0x00000000040120bc        0x0 ../VGA_text_72_bsp/\libhal_bsp.a(altera_nios2_gen2_irq.o)
 .bss           0x00000000040120bc        0x0 ../VGA_text_72_bsp/\libhal_bsp.a(alt_exception_entry.o)
 .bss           0x00000000040120bc        0x0 ../VGA_text_72_bsp/\libhal_bsp.a(alt_find_dev.o)
 .bss           0x00000000040120bc        0x0 ../VGA_text_72_bsp/\libhal_bsp.a(alt_find_file.o)
 .bss           0x00000000040120bc        0x0 ../VGA_text_72_bsp/\libhal_bsp.a(alt_get_fd.o)
 .bss           0x00000000040120bc        0x0 ../VGA_text_72_bsp/\libhal_bsp.a(alt_instruction_exception_entry.o)
 .bss           0x00000000040120bc        0x0 d:/quartus/nios2eds/bin/gnu/h-x86_64-mingw32/bin/../lib/gcc/nios2-elf/5.3.0/../../../../../H-x86_64-mingw32/nios2-elf/lib/mno-hw-mul\libc.a(lib_a-atexit.o)
 .bss           0x00000000040120bc        0x0 d:/quartus/nios2eds/bin/gnu/h-x86_64-mingw32/bin/../lib/gcc/nios2-elf/5.3.0/../../../../../H-x86_64-mingw32/nios2-elf/lib/mno-hw-mul\libc.a(lib_a-exit.o)
 .bss           0x00000000040120bc        0x0 d:/quartus/nios2eds/bin/gnu/h-x86_64-mingw32/bin/../lib/gcc/nios2-elf/5.3.0/../../../../../H-x86_64-mingw32/nios2-elf/lib/mno-hw-mul\libc.a(lib_a-memcmp.o)
 .bss           0x00000000040120bc        0x0 d:/quartus/nios2eds/bin/gnu/h-x86_64-mingw32/bin/../lib/gcc/nios2-elf/5.3.0/../../../../../H-x86_64-mingw32/nios2-elf/lib/mno-hw-mul\libc.a(lib_a-__atexit.o)
 .bss           0x00000000040120bc        0x0 d:/quartus/nios2eds/bin/gnu/h-x86_64-mingw32/bin/../lib/gcc/nios2-elf/5.3.0/../../../../../H-x86_64-mingw32/nios2-elf/lib/mno-hw-mul\libc.a(lib_a-__call_atexit.o)
 .bss           0x00000000040120bc        0x0 ../VGA_text_72_bsp/\libhal_bsp.a(alt_exit.o)
 *(COMMON)
 COMMON         0x00000000040120bc      0x100 ../VGA_text_72_bsp/\libhal_bsp.a(alt_irq_handler.o)
                0x00000000040120bc                alt_irq
                0x00000000040121bc                . = ALIGN (0x4)
                0x00000000040121bc                __bss_end = ABSOLUTE (.)

.sdram          0x00000000040121bc        0x0
                [!provide]                        PROVIDE (_alt_partition_sdram_start, ABSOLUTE (.))
 *(.sdram .sdram. sdram.*)
                0x00000000040121bc                . = ALIGN (0x4)
                [!provide]                        PROVIDE (_alt_partition_sdram_end, ABSOLUTE (.))
                0x00000000040121bc                _end = ABSOLUTE (.)
                0x00000000040121bc                end = ABSOLUTE (.)
                0x00000000040121bc                __alt_stack_base = ABSOLUTE (.)
                [!provide]                        PROVIDE (_alt_partition_sdram_load_addr, LOADADDR (.sdram))

.onchip_memory2_0
                0x00000000080051c0        0x0 load address 0x00000000040121bc
                [!provide]                        PROVIDE (_alt_partition_onchip_memory2_0_start, ABSOLUTE (.))
 *(.onchip_memory2_0 .onchip_memory2_0. onchip_memory2_0.*)
                0x00000000080051c0                . = ALIGN (0x4)
                [!provide]                        PROVIDE (_alt_partition_onchip_memory2_0_end, ABSOLUTE (.))
                [!provide]                        PROVIDE (_alt_partition_onchip_memory2_0_load_addr, LOADADDR (.onchip_memory2_0))

.stab
 *(.stab)

.stabstr
 *(.stabstr)

.stab.excl
 *(.stab.excl)

.stab.exclstr
 *(.stab.exclstr)

.stab.index
 *(.stab.index)

.stab.indexstr
 *(.stab.indexstr)

.comment        0x0000000000000000       0x23
 *(.comment)
 .comment       0x0000000000000000       0x23 obj/default/main.o
                                         0x24 (size before relaxing)
 .comment       0x0000000000000023       0x24 obj/default/palette_test.o
 .comment       0x0000000000000023       0x24 obj/default/text_mode_vga_color.o
 .comment       0x0000000000000023       0x24 d:/quartus/nios2eds/bin/gnu/h-x86_64-mingw32/bin/../lib/gcc/nios2-elf/5.3.0/mno-hw-mul\libgcc.a(lib2-divmod.o)
 .comment       0x0000000000000023       0x24 d:/quartus/nios2eds/bin/gnu/h-x86_64-mingw32/bin/../lib/gcc/nios2-elf/5.3.0/mno-hw-mul\libgcc.a(lib2-mul.o)
 .comment       0x0000000000000023       0x24 d:/quartus/nios2eds/bin/gnu/h-x86_64-mingw32/bin/../lib/gcc/nios2-elf/5.3.0/../../../../../H-x86_64-mingw32/nios2-elf/lib/mno-hw-mul\libc.a(lib_a-rand.o)
 .comment       0x0000000000000023       0x24 d:/quartus/nios2eds/bin/gnu/h-x86_64-mingw32/bin/../lib/gcc/nios2-elf/5.3.0/../../../../../H-x86_64-mingw32/nios2-elf/lib/mno-hw-mul\libc.a(lib_a-sprintf.o)
 .comment       0x0000000000000023       0x24 d:/quartus/nios2eds/bin/gnu/h-x86_64-mingw32/bin/../lib/gcc/nios2-elf/5.3.0/../../../../../H-x86_64-mingw32/nios2-elf/lib/mno-hw-mul\libc.a(lib_a-strlen.o)
 .comment       0x0000000000000023       0x24 d:/quartus/nios2eds/bin/gnu/h-x86_64-mingw32/bin/../lib/gcc/nios2-elf/5.3.0/../../../../../H-x86_64-mingw32/nios2-elf/lib/mno-hw-mul\libc.a(lib_a-svfprintf.o)
 .comment       0x0000000000000023       0x24 d:/quartus/nios2eds/bin/gnu/h-x86_64-mingw32/bin/../lib/gcc/nios2-elf/5.3.0/../../../../../H-x86_64-mingw32/nios2-elf/lib/mno-hw-mul\libc.a(lib_a-dtoa.o)
 .comment       0x0000000000000023       0x24 d:/quartus/nios2eds/bin/gnu/h-x86_64-mingw32/bin/../lib/gcc/nios2-elf/5.3.0/../../../../../H-x86_64-mingw32/nios2-elf/lib/mno-hw-mul\libc.a(lib_a-impure.o)
 .comment       0x0000000000000023       0x24 d:/quartus/nios2eds/bin/gnu/h-x86_64-mingw32/bin/../lib/gcc/nios2-elf/5.3.0/../../../../../H-x86_64-mingw32/nios2-elf/lib/mno-hw-mul\libc.a(lib_a-locale.o)
 .comment       0x0000000000000023       0x24 d:/quartus/nios2eds/bin/gnu/h-x86_64-mingw32/bin/../lib/gcc/nios2-elf/5.3.0/../../../../../H-x86_64-mingw32/nios2-elf/lib/mno-hw-mul\libc.a(lib_a-mallocr.o)
 .comment       0x0000000000000023       0x24 d:/quartus/nios2eds/bin/gnu/h-x86_64-mingw32/bin/../lib/gcc/nios2-elf/5.3.0/../../../../../H-x86_64-mingw32/nios2-elf/lib/mno-hw-mul\libc.a(lib_a-memchr.o)
 .comment       0x0000000000000023       0x24 d:/quartus/nios2eds/bin/gnu/h-x86_64-mingw32/bin/../lib/gcc/nios2-elf/5.3.0/../../../../../H-x86_64-mingw32/nios2-elf/lib/mno-hw-mul\libc.a(lib_a-memcpy.o)
 .comment       0x0000000000000023       0x24 d:/quartus/nios2eds/bin/gnu/h-x86_64-mingw32/bin/../lib/gcc/nios2-elf/5.3.0/../../../../../H-x86_64-mingw32/nios2-elf/lib/mno-hw-mul\libc.a(lib_a-mprec.o)
 .comment       0x0000000000000023       0x24 d:/quartus/nios2eds/bin/gnu/h-x86_64-mingw32/bin/../lib/gcc/nios2-elf/5.3.0/../../../../../H-x86_64-mingw32/nios2-elf/lib/mno-hw-mul\libc.a(lib_a-s_fpclassify.o)
 .comment       0x0000000000000023       0x24 d:/quartus/nios2eds/bin/gnu/h-x86_64-mingw32/bin/../lib/gcc/nios2-elf/5.3.0/../../../../../H-x86_64-mingw32/nios2-elf/lib/mno-hw-mul\libc.a(lib_a-sbrkr.o)
 .comment       0x0000000000000023       0x24 d:/quartus/nios2eds/bin/gnu/h-x86_64-mingw32/bin/../lib/gcc/nios2-elf/5.3.0/../../../../../H-x86_64-mingw32/nios2-elf/lib/mno-hw-mul\libc.a(lib_a-strcmp.o)
 .comment       0x0000000000000023       0x24 d:/quartus/nios2eds/bin/gnu/h-x86_64-mingw32/bin/../lib/gcc/nios2-elf/5.3.0/../../../../../H-x86_64-mingw32/nios2-elf/lib/mno-hw-mul\libc.a(lib_a-svfiprintf.o)
 .comment       0x0000000000000023       0x24 d:/quartus/nios2eds/bin/gnu/h-x86_64-mingw32/bin/../lib/gcc/nios2-elf/5.3.0/../../../../../H-x86_64-mingw32/nios2-elf/lib/mno-hw-mul\libc.a(lib_a-callocr.o)
 .comment       0x0000000000000023       0x24 d:/quartus/nios2eds/bin/gnu/h-x86_64-mingw32/bin/../lib/gcc/nios2-elf/5.3.0/../../../../../H-x86_64-mingw32/nios2-elf/lib/mno-hw-mul\libc.a(lib_a-freer.o)
 .comment       0x0000000000000023       0x24 d:/quartus/nios2eds/bin/gnu/h-x86_64-mingw32/bin/../lib/gcc/nios2-elf/5.3.0/../../../../../H-x86_64-mingw32/nios2-elf/lib/mno-hw-mul\libc.a(lib_a-int_errno.o)
 .comment       0x0000000000000023       0x24 d:/quartus/nios2eds/bin/gnu/h-x86_64-mingw32/bin/../lib/gcc/nios2-elf/5.3.0/../../../../../H-x86_64-mingw32/nios2-elf/lib/mno-hw-mul\libc.a(lib_a-memmove.o)
 .comment       0x0000000000000023       0x24 d:/quartus/nios2eds/bin/gnu/h-x86_64-mingw32/bin/../lib/gcc/nios2-elf/5.3.0/../../../../../H-x86_64-mingw32/nios2-elf/lib/mno-hw-mul\libc.a(lib_a-memset.o)
 .comment       0x0000000000000023       0x24 d:/quartus/nios2eds/bin/gnu/h-x86_64-mingw32/bin/../lib/gcc/nios2-elf/5.3.0/../../../../../H-x86_64-mingw32/nios2-elf/lib/mno-hw-mul\libc.a(lib_a-reallocr.o)
 .comment       0x0000000000000023       0x24 d:/quartus/nios2eds/bin/gnu/h-x86_64-mingw32/bin/../lib/gcc/nios2-elf/5.3.0/mno-hw-mul\libgcc.a(_muldi3.o)
 .comment       0x0000000000000023       0x24 d:/quartus/nios2eds/bin/gnu/h-x86_64-mingw32/bin/../lib/gcc/nios2-elf/5.3.0/mno-hw-mul\libgcc.a(_udivdi3.o)
 .comment       0x0000000000000023       0x24 d:/quartus/nios2eds/bin/gnu/h-x86_64-mingw32/bin/../lib/gcc/nios2-elf/5.3.0/mno-hw-mul\libgcc.a(_umoddi3.o)
 .comment       0x0000000000000023       0x24 d:/quartus/nios2eds/bin/gnu/h-x86_64-mingw32/bin/../lib/gcc/nios2-elf/5.3.0/mno-hw-mul\libgcc.a(adddf3.o)
 .comment       0x0000000000000023       0x24 d:/quartus/nios2eds/bin/gnu/h-x86_64-mingw32/bin/../lib/gcc/nios2-elf/5.3.0/mno-hw-mul\libgcc.a(divdf3.o)
 .comment       0x0000000000000023       0x24 d:/quartus/nios2eds/bin/gnu/h-x86_64-mingw32/bin/../lib/gcc/nios2-elf/5.3.0/mno-hw-mul\libgcc.a(eqdf2.o)
 .comment       0x0000000000000023       0x24 d:/quartus/nios2eds/bin/gnu/h-x86_64-mingw32/bin/../lib/gcc/nios2-elf/5.3.0/mno-hw-mul\libgcc.a(gedf2.o)
 .comment       0x0000000000000023       0x24 d:/quartus/nios2eds/bin/gnu/h-x86_64-mingw32/bin/../lib/gcc/nios2-elf/5.3.0/mno-hw-mul\libgcc.a(ledf2.o)
 .comment       0x0000000000000023       0x24 d:/quartus/nios2eds/bin/gnu/h-x86_64-mingw32/bin/../lib/gcc/nios2-elf/5.3.0/mno-hw-mul\libgcc.a(muldf3.o)
 .comment       0x0000000000000023       0x24 d:/quartus/nios2eds/bin/gnu/h-x86_64-mingw32/bin/../lib/gcc/nios2-elf/5.3.0/mno-hw-mul\libgcc.a(subdf3.o)
 .comment       0x0000000000000023       0x24 d:/quartus/nios2eds/bin/gnu/h-x86_64-mingw32/bin/../lib/gcc/nios2-elf/5.3.0/mno-hw-mul\libgcc.a(fixdfsi.o)
 .comment       0x0000000000000023       0x24 d:/quartus/nios2eds/bin/gnu/h-x86_64-mingw32/bin/../lib/gcc/nios2-elf/5.3.0/mno-hw-mul\libgcc.a(floatsidf.o)
 .comment       0x0000000000000023       0x24 d:/quartus/nios2eds/bin/gnu/h-x86_64-mingw32/bin/../lib/gcc/nios2-elf/5.3.0/mno-hw-mul\libgcc.a(floatunsidf.o)
 .comment       0x0000000000000023       0x24 d:/quartus/nios2eds/bin/gnu/h-x86_64-mingw32/bin/../lib/gcc/nios2-elf/5.3.0/mno-hw-mul\libgcc.a(_clz.o)
 .comment       0x0000000000000023       0x24 d:/quartus/nios2eds/bin/gnu/h-x86_64-mingw32/bin/../lib/gcc/nios2-elf/5.3.0/mno-hw-mul\libgcc.a(_clzsi2.o)
 .comment       0x0000000000000023       0x24 ../VGA_text_72_bsp/\libhal_bsp.a(alt_load.o)
 .comment       0x0000000000000023       0x24 ../VGA_text_72_bsp/\libhal_bsp.a(alt_main.o)
 .comment       0x0000000000000023       0x24 ../VGA_text_72_bsp/\libhal_bsp.a(alt_malloc_lock.o)
 .comment       0x0000000000000023       0x24 ../VGA_text_72_bsp/\libhal_bsp.a(alt_sbrk.o)
 .comment       0x0000000000000023       0x24 ../VGA_text_72_bsp/\libhal_bsp.a(alt_usleep.o)
 .comment       0x0000000000000023       0x24 ../VGA_text_72_bsp/\libhal_bsp.a(alt_sys_init.o)
 .comment       0x0000000000000023       0x24 ../VGA_text_72_bsp/\libhal_bsp.a(altera_avalon_jtag_uart_fd.o)
 .comment       0x0000000000000023       0x24 ../VGA_text_72_bsp/\libhal_bsp.a(altera_avalon_jtag_uart_init.o)
 .comment       0x0000000000000023       0x24 ../VGA_text_72_bsp/\libhal_bsp.a(altera_avalon_jtag_uart_ioctl.o)
 .comment       0x0000000000000023       0x24 ../VGA_text_72_bsp/\libhal_bsp.a(altera_avalon_jtag_uart_read.o)
 .comment       0x0000000000000023       0x24 ../VGA_text_72_bsp/\libhal_bsp.a(altera_avalon_jtag_uart_write.o)
 .comment       0x0000000000000023       0x24 ../VGA_text_72_bsp/\libhal_bsp.a(altera_avalon_timer_sc.o)
 .comment       0x0000000000000023       0x24 ../VGA_text_72_bsp/\libhal_bsp.a(alt_alarm_start.o)
 .comment       0x0000000000000023       0x24 ../VGA_text_72_bsp/\libhal_bsp.a(alt_busy_sleep.o)
 .comment       0x0000000000000023       0x24 ../VGA_text_72_bsp/\libhal_bsp.a(alt_close.o)
 .comment       0x0000000000000023       0x24 ../VGA_text_72_bsp/\libhal_bsp.a(alt_dcache_flush_all.o)
 .comment       0x0000000000000023       0x24 ../VGA_text_72_bsp/\libhal_bsp.a(alt_dev.o)
 .comment       0x0000000000000023       0x24 ../VGA_text_72_bsp/\libhal_bsp.a(alt_dev_llist_insert.o)
 .comment       0x0000000000000023       0x24 ../VGA_text_72_bsp/\libhal_bsp.a(alt_do_ctors.o)
 .comment       0x0000000000000023       0x24 ../VGA_text_72_bsp/\libhal_bsp.a(alt_do_dtors.o)
 .comment       0x0000000000000023       0x24 ../VGA_text_72_bsp/\libhal_bsp.a(alt_errno.o)
 .comment       0x0000000000000023       0x24 ../VGA_text_72_bsp/\libhal_bsp.a(alt_icache_flush_all.o)
 .comment       0x0000000000000023       0x24 ../VGA_text_72_bsp/\libhal_bsp.a(alt_iic.o)
 .comment       0x0000000000000023       0x24 ../VGA_text_72_bsp/\libhal_bsp.a(alt_iic_isr_register.o)
 .comment       0x0000000000000023       0x24 ../VGA_text_72_bsp/\libhal_bsp.a(alt_io_redirect.o)
 .comment       0x0000000000000023       0x24 ../VGA_text_72_bsp/\libhal_bsp.a(alt_irq_handler.o)
 .comment       0x0000000000000023       0x24 ../VGA_text_72_bsp/\libhal_bsp.a(alt_irq_vars.o)
 .comment       0x0000000000000023       0x24 ../VGA_text_72_bsp/\libhal_bsp.a(alt_open.o)
 .comment       0x0000000000000023       0x24 ../VGA_text_72_bsp/\libhal_bsp.a(alt_release_fd.o)
 .comment       0x0000000000000023       0x24 ../VGA_text_72_bsp/\libhal_bsp.a(alt_tick.o)
 .comment       0x0000000000000023       0x24 ../VGA_text_72_bsp/\libhal_bsp.a(altera_nios2_gen2_irq.o)
 .comment       0x0000000000000023       0x24 ../VGA_text_72_bsp/\libhal_bsp.a(alt_find_dev.o)
 .comment       0x0000000000000023       0x24 ../VGA_text_72_bsp/\libhal_bsp.a(alt_find_file.o)
 .comment       0x0000000000000023       0x24 ../VGA_text_72_bsp/\libhal_bsp.a(alt_get_fd.o)
 .comment       0x0000000000000023       0x24 ../VGA_text_72_bsp/\libhal_bsp.a(alt_instruction_exception_entry.o)
 .comment       0x0000000000000023       0x24 d:/quartus/nios2eds/bin/gnu/h-x86_64-mingw32/bin/../lib/gcc/nios2-elf/5.3.0/../../../../../H-x86_64-mingw32/nios2-elf/lib/mno-hw-mul\libc.a(lib_a-atexit.o)
 .comment       0x0000000000000023       0x24 d:/quartus/nios2eds/bin/gnu/h-x86_64-mingw32/bin/../lib/gcc/nios2-elf/5.3.0/../../../../../H-x86_64-mingw32/nios2-elf/lib/mno-hw-mul\libc.a(lib_a-exit.o)
 .comment       0x0000000000000023       0x24 d:/quartus/nios2eds/bin/gnu/h-x86_64-mingw32/bin/../lib/gcc/nios2-elf/5.3.0/../../../../../H-x86_64-mingw32/nios2-elf/lib/mno-hw-mul\libc.a(lib_a-memcmp.o)
 .comment       0x0000000000000023       0x24 d:/quartus/nios2eds/bin/gnu/h-x86_64-mingw32/bin/../lib/gcc/nios2-elf/5.3.0/../../../../../H-x86_64-mingw32/nios2-elf/lib/mno-hw-mul\libc.a(lib_a-__atexit.o)
 .comment       0x0000000000000023       0x24 d:/quartus/nios2eds/bin/gnu/h-x86_64-mingw32/bin/../lib/gcc/nios2-elf/5.3.0/../../../../../H-x86_64-mingw32/nios2-elf/lib/mno-hw-mul\libc.a(lib_a-__call_atexit.o)
 .comment       0x0000000000000023       0x24 ../VGA_text_72_bsp/\libhal_bsp.a(alt_exit.o)

.debug
 *(.debug)

.line
 *(.line)

.debug_srcinfo
 *(.debug_srcinfo)

.debug_sfnames
 *(.debug_sfnames)

.debug_aranges  0x0000000000000000      0xba0
 *(.debug_aranges)
 .debug_aranges
                0x0000000000000000       0x28 ../VGA_text_72_bsp//obj/HAL/src/crt0.o
 .debug_aranges
                0x0000000000000028       0x20 obj/default/main.o
 .debug_aranges
                0x0000000000000048       0x20 obj/default/palette_test.o
 .debug_aranges
                0x0000000000000068       0x20 obj/default/text_mode_vga_color.o
 .debug_aranges
                0x0000000000000088       0x20 d:/quartus/nios2eds/bin/gnu/h-x86_64-mingw32/bin/../lib/gcc/nios2-elf/5.3.0/mno-hw-mul\libgcc.a(lib2-divmod.o)
 .debug_aranges
                0x00000000000000a8       0x20 d:/quartus/nios2eds/bin/gnu/h-x86_64-mingw32/bin/../lib/gcc/nios2-elf/5.3.0/mno-hw-mul\libgcc.a(lib2-mul.o)
 .debug_aranges
                0x00000000000000c8       0x28 d:/quartus/nios2eds/bin/gnu/h-x86_64-mingw32/bin/../lib/gcc/nios2-elf/5.3.0/../../../../../H-x86_64-mingw32/nios2-elf/lib/mno-hw-mul\libc.a(lib_a-rand.o)
 .debug_aranges
                0x00000000000000f0       0x28 d:/quartus/nios2eds/bin/gnu/h-x86_64-mingw32/bin/../lib/gcc/nios2-elf/5.3.0/../../../../../H-x86_64-mingw32/nios2-elf/lib/mno-hw-mul\libc.a(lib_a-sprintf.o)
 .debug_aranges
                0x0000000000000118       0x20 d:/quartus/nios2eds/bin/gnu/h-x86_64-mingw32/bin/../lib/gcc/nios2-elf/5.3.0/../../../../../H-x86_64-mingw32/nios2-elf/lib/mno-hw-mul\libc.a(lib_a-strlen.o)
 .debug_aranges
                0x0000000000000138       0x20 d:/quartus/nios2eds/bin/gnu/h-x86_64-mingw32/bin/../lib/gcc/nios2-elf/5.3.0/../../../../../H-x86_64-mingw32/nios2-elf/lib/mno-hw-mul\libc.a(lib_a-svfprintf.o)
 .debug_aranges
                0x0000000000000158       0x28 d:/quartus/nios2eds/bin/gnu/h-x86_64-mingw32/bin/../lib/gcc/nios2-elf/5.3.0/../../../../../H-x86_64-mingw32/nios2-elf/lib/mno-hw-mul\libc.a(lib_a-dtoa.o)
 .debug_aranges
                0x0000000000000180       0x18 d:/quartus/nios2eds/bin/gnu/h-x86_64-mingw32/bin/../lib/gcc/nios2-elf/5.3.0/../../../../../H-x86_64-mingw32/nios2-elf/lib/mno-hw-mul\libc.a(lib_a-impure.o)
 .debug_aranges
                0x0000000000000198       0x58 d:/quartus/nios2eds/bin/gnu/h-x86_64-mingw32/bin/../lib/gcc/nios2-elf/5.3.0/../../../../../H-x86_64-mingw32/nios2-elf/lib/mno-hw-mul\libc.a(lib_a-locale.o)
 .debug_aranges
                0x00000000000001f0       0x20 d:/quartus/nios2eds/bin/gnu/h-x86_64-mingw32/bin/../lib/gcc/nios2-elf/5.3.0/../../../../../H-x86_64-mingw32/nios2-elf/lib/mno-hw-mul\libc.a(lib_a-mallocr.o)
 .debug_aranges
                0x0000000000000210       0x20 d:/quartus/nios2eds/bin/gnu/h-x86_64-mingw32/bin/../lib/gcc/nios2-elf/5.3.0/../../../../../H-x86_64-mingw32/nios2-elf/lib/mno-hw-mul\libc.a(lib_a-memchr.o)
 .debug_aranges
                0x0000000000000230       0x20 d:/quartus/nios2eds/bin/gnu/h-x86_64-mingw32/bin/../lib/gcc/nios2-elf/5.3.0/../../../../../H-x86_64-mingw32/nios2-elf/lib/mno-hw-mul\libc.a(lib_a-memcpy.o)
 .debug_aranges
                0x0000000000000250       0xb0 d:/quartus/nios2eds/bin/gnu/h-x86_64-mingw32/bin/../lib/gcc/nios2-elf/5.3.0/../../../../../H-x86_64-mingw32/nios2-elf/lib/mno-hw-mul\libc.a(lib_a-mprec.o)
 .debug_aranges
                0x0000000000000300       0x20 d:/quartus/nios2eds/bin/gnu/h-x86_64-mingw32/bin/../lib/gcc/nios2-elf/5.3.0/../../../../../H-x86_64-mingw32/nios2-elf/lib/mno-hw-mul\libc.a(lib_a-s_fpclassify.o)
 .debug_aranges
                0x0000000000000320       0x20 d:/quartus/nios2eds/bin/gnu/h-x86_64-mingw32/bin/../lib/gcc/nios2-elf/5.3.0/../../../../../H-x86_64-mingw32/nios2-elf/lib/mno-hw-mul\libc.a(lib_a-sbrkr.o)
 .debug_aranges
                0x0000000000000340       0x20 d:/quartus/nios2eds/bin/gnu/h-x86_64-mingw32/bin/../lib/gcc/nios2-elf/5.3.0/../../../../../H-x86_64-mingw32/nios2-elf/lib/mno-hw-mul\libc.a(lib_a-strcmp.o)
 .debug_aranges
                0x0000000000000360       0x28 d:/quartus/nios2eds/bin/gnu/h-x86_64-mingw32/bin/../lib/gcc/nios2-elf/5.3.0/../../../../../H-x86_64-mingw32/nios2-elf/lib/mno-hw-mul\libc.a(lib_a-svfiprintf.o)
 .debug_aranges
                0x0000000000000388       0x20 d:/quartus/nios2eds/bin/gnu/h-x86_64-mingw32/bin/../lib/gcc/nios2-elf/5.3.0/../../../../../H-x86_64-mingw32/nios2-elf/lib/mno-hw-mul\libc.a(lib_a-callocr.o)
 .debug_aranges
                0x00000000000003a8       0x28 d:/quartus/nios2eds/bin/gnu/h-x86_64-mingw32/bin/../lib/gcc/nios2-elf/5.3.0/../../../../../H-x86_64-mingw32/nios2-elf/lib/mno-hw-mul\libc.a(lib_a-freer.o)
 .debug_aranges
                0x00000000000003d0       0x18 d:/quartus/nios2eds/bin/gnu/h-x86_64-mingw32/bin/../lib/gcc/nios2-elf/5.3.0/../../../../../H-x86_64-mingw32/nios2-elf/lib/mno-hw-mul\libc.a(lib_a-int_errno.o)
 .debug_aranges
                0x00000000000003e8       0x20 d:/quartus/nios2eds/bin/gnu/h-x86_64-mingw32/bin/../lib/gcc/nios2-elf/5.3.0/../../../../../H-x86_64-mingw32/nios2-elf/lib/mno-hw-mul\libc.a(lib_a-memmove.o)
 .debug_aranges
                0x0000000000000408       0x20 d:/quartus/nios2eds/bin/gnu/h-x86_64-mingw32/bin/../lib/gcc/nios2-elf/5.3.0/../../../../../H-x86_64-mingw32/nios2-elf/lib/mno-hw-mul\libc.a(lib_a-memset.o)
 .debug_aranges